[WebServer] (node:59352) Warning: The 'NO_COLOR' env is ignored due to the 'FORCE_COLOR' env being set.
[WebServer] (Use `node --trace-warnings ...` to show where the warning was created)
[WebServer] [INEFFECTIVE_DYNAMIC_IMPORT] src/curriculum/load.ts is dynamically imported by src/data/evidenceJob.ts but also statically imported by src/curriculum/tips.ts, src/data/planStore.ts, src/score/estimateImport.ts, src/ui/assignSheet.ts, src/ui/screens/ChordChartScreen.ts, ..., dynamic import will not move module into another chunk.
[WebServer] 
[WebServer] [plugin builtin:vite-reporter] 
[WebServer] (!) Some chunks are larger than 500 kB after minification. Consider:
[WebServer] - Using dynamic import() to code-split the application
[WebServer] - Use build.rolldownOptions.output.codeSplitting to improve chunking: https://rolldown.rs/reference/OutputOptions.codeSplitting
[WebServer] - Adjust chunk size limit for this warning via build.chunkSizeWarningLimit.
[WebServer] [INEFFECTIVE_DYNAMIC_IMPORT] src/data/planStore.ts is dynamically imported by src/data/evidenceJob.ts but also statically imported by src/data/backup.ts, src/data/rungStates.ts, src/ui/screens/DrillScreen.ts, src/ui/screens/LessonScreen.ts, src/ui/screens/PlanScreen.ts, ..., dynamic import will not move module into another chunk.
[WebServer] 
[WebServer] [INEFFECTIVE_DYNAMIC_IMPORT] src/data/evidenceJob.ts is dynamically imported by src/main.ts but also statically imported by src/ui/screens/SettingsScreen.ts, dynamic import will not move module into another chunk.
[WebServer] 
[WebServer] (node:56960) Warning: The 'NO_COLOR' env is ignored due to the 'FORCE_COLOR' env being set.
[WebServer] (Use `node --trace-warnings ...` to show where the warning was created)

Running 12 tests using 2 workers

(node:54892) Warning: The 'NO_COLOR' env is ignored due to the 'FORCE_COLOR' env being set.
(Use `node --trace-warnings ...` to show where the warning was created)
(node:15660) Warning: The 'NO_COLOR' env is ignored due to the 'FORCE_COLOR' env being set.
(Use `node --trace-warnings ...` to show where the warning was created)
  ok  2 tests\e2e\microscope.spec.ts:106:3 › the microscope (D2) › opens a generated item by id: the notation settled, every fact under its hook, Hear it enabled (2.2s)
  ok  1 tests\e2e\microscope.spec.ts:129:3 › the microscope (D2) › Hear it plays through the app’s piano: each hand alone its own pitches, both hands both (8.3s)
  ok  3 tests\e2e\microscope.spec.ts:166:3 › the microscope (D2) › a decision is exported as a file review.py --merge accepts, and the learner’s stores do not move (8.9s)
  ok  4 tests\e2e\microscope.spec.ts:242:3 › the microscope (D2) › the learner’s navigation never shows the route (9.2s)
  ok  6 tests\e2e\offline.spec.ts:224:3 › offline › every file the catalog names is in the precache manifest (196ms)
  ok  7 tests\e2e\offline.spec.ts:274:3 › offline › the engraver is not in the entry bundle (P19) (13ms)
  ok  8 tests\e2e\offline.spec.ts:302:3 › offline › and nothing under content/ is served without being precached (P19) (92ms)
  ok  9 tests\e2e\offline.spec.ts:324:3 › offline › and the builder-only dev/ root is served and never precached (D2a) (10ms)
  ok 10 tests\e2e\offline.spec.ts:348:3 › the error boundary (docs/04 §8) › an uncaught error shows a banner with copyable details (1.7s)
  ok 11 tests\e2e\offline.spec.ts:377:3 › the error boundary (docs/04 §8) › an unhandled rejection is caught too, and counted (624ms)
  ok 12 tests\e2e\offline.spec.ts:387:3 › the error boundary (docs/04 §8) › dismissing it leaves the app usable (885ms)
  x   5 tests\e2e\offline.spec.ts:53:3 › offline › the whole app works with the network off after one online launch (1.3m)


  1) tests\e2e\offline.spec.ts:53:3 › offline › the whole app works with the network off after one online launch 

    Error: expect(locator).toContainText(expected) failed

    Locator: locator('#diag-offline')
    Expected substring: "Currently offline"
    Received string:    "Checking…"
    Timeout: 30000ms

    Call log:
      - Expect "toContainText" locator('#diag-offline') with timeout 30000ms
      - waiting for locator('#diag-offline')
        62 × locator resolved to <div class="kv-block" id="diag-offline">…</div>
           - unexpected value "Checking…"


      196 |       window.location.hash = '#/settings/diagnostics';
      197 |     });
    > 198 |     await expect(page.locator('#diag-offline')).toContainText('Currently offline', {
          |                                                 ^
      199 |       timeout: 30_000,
      200 |     });
      201 |     // Not `toContainText('Precached')`, which is what stood here and which
        at C:\Users\yalir\repos\Piano Stuff\PianoProject\app\tests\e2e\offline.spec.ts:198:49

    Error Context: test-results\offline-offline-the-whole--dac94-off-after-one-online-launch\error-context.md

    attachment #2: trace (application/zip) ─────────────────────────────────────────────────────────
    test-results\offline-offline-the-whole--dac94-off-after-one-online-launch\trace.zip
    Usage:

        npx playwright show-trace test-results\offline-offline-the-whole--dac94-off-after-one-online-launch\trace.zip

    ────────────────────────────────────────────────────────────────────────────────────────────────

  1 failed
    tests\e2e\offline.spec.ts:53:3 › offline › the whole app works with the network off after one online launch 
  11 passed (2.3m)
