0 0 / 1010 5 s
0 25 / 1010 49 s
0 50 / 1010 88 s
0 75 / 1010 122 s
0 100 / 1010 157 s
0 125 / 1010 213 s
0 150 / 1010 307 s
0 175 / 1010 410 s
0 200 / 1010 531 s
0 225 / 1010 624 s
0 250 / 1010 740 s
0 275 / 1010 832 s
0 300 / 1010 959 s
0 325 / 1010 1090 s
0 350 / 1010 1225 s
0 375 / 1010 1291 s
0 400 / 1010 1351 s
0 425 / 1010 1410 s
0 450 / 1010 1467 s
0 475 / 1010 1524 s
0 500 / 1010 1577 s
0 525 / 1010 1637 s
0 550 / 1010 1703 s
0 575 / 1010 1767 s
0 600 / 1010 1825 s
0 625 / 1010 1975 s
0 650 / 1010 2180 s
0 675 / 1010 2455 s
0 700 / 1010 2599 s
0 725 / 1010 2840 s
0 750 / 1010 2967 s
0 775 / 1010 3073 s
0 800 / 1010 3193 s
0 825 / 1010 3296 s
0 850 / 1010 3427 s
0 875 / 1010 3534 s
0 900 / 1010 3615 s
0 925 / 1010 3709 s
0 950 / 1010 3805 s
0 975 / 1010 3878 s
0 1000 / 1010 3971 s
DONE 0 1010 4006 s
