1 0 / 1009 5 s
1 25 / 1009 49 s
1 50 / 1009 88 s
1 75 / 1009 126 s
1 100 / 1009 163 s
1 125 / 1009 229 s
1 150 / 1009 339 s
1 175 / 1009 433 s
1 200 / 1009 567 s
1 225 / 1009 636 s
1 250 / 1009 752 s
1 275 / 1009 855 s
1 300 / 1009 985 s
1 325 / 1009 1116 s
1 350 / 1009 1246 s
1 375 / 1009 1306 s
1 400 / 1009 1368 s
1 425 / 1009 1428 s
1 450 / 1009 1487 s
1 475 / 1009 1543 s
1 500 / 1009 1593 s
1 525 / 1009 1651 s
1 550 / 1009 1720 s
1 575 / 1009 1783 s
1 600 / 1009 1833 s
1 625 / 1009 2009 s
1 650 / 1009 2231 s
1 675 / 1009 2489 s
1 700 / 1009 2639 s
1 725 / 1009 2908 s
1 750 / 1009 3027 s
1 775 / 1009 3134 s
1 800 / 1009 3247 s
1 825 / 1009 3356 s
1 850 / 1009 3468 s
1 875 / 1009 3570 s
1 900 / 1009 3657 s
1 925 / 1009 3741 s
1 950 / 1009 3834 s
1 975 / 1009 3905 s
1 1000 / 1009 3999 s
DONE 1 1009 4026 s
