[WebServer] (node:57080) Warning: The 'NO_COLOR' env is ignored due to the 'FORCE_COLOR' env being set.
[WebServer] (Use `node --trace-warnings ...` to show where the warning was created)
[WebServer] [INEFFECTIVE_DYNAMIC_IMPORT] src/curriculum/load.ts is dynamically imported by src/data/evidenceJob.ts but also statically imported by src/curriculum/tips.ts, src/data/planStore.ts, src/score/estimateImport.ts, src/ui/assignSheet.ts, src/ui/screens/ChordChartScreen.ts, ..., dynamic import will not move module into another chunk.
[WebServer] 
[WebServer] [plugin builtin:vite-reporter] 
[WebServer] (!) Some chunks are larger than 500 kB after minification. Consider:
[WebServer] - Using dynamic import() to code-split the application
[WebServer] - Use build.rolldownOptions.output.codeSplitting to improve chunking: https://rolldown.rs/reference/OutputOptions.codeSplitting
[WebServer] - Adjust chunk size limit for this warning via build.chunkSizeWarningLimit.
[WebServer] [INEFFECTIVE_DYNAMIC_IMPORT] src/data/planStore.ts is dynamically imported by src/data/evidenceJob.ts but also statically imported by src/data/backup.ts, src/data/rungStates.ts, src/ui/screens/DrillScreen.ts, src/ui/screens/LessonScreen.ts, src/ui/screens/PlanScreen.ts, ..., dynamic import will not move module into another chunk.
[WebServer] 
[WebServer] [INEFFECTIVE_DYNAMIC_IMPORT] src/data/evidenceJob.ts is dynamically imported by src/main.ts but also statically imported by src/ui/screens/SettingsScreen.ts, dynamic import will not move module into another chunk.
[WebServer] 
[WebServer] (node:56044) Warning: The 'NO_COLOR' env is ignored due to the 'FORCE_COLOR' env being set.
[WebServer] (Use `node --trace-warnings ...` to show where the warning was created)

Running 20 tests using 2 workers

(node:58576) Warning: The 'NO_COLOR' env is ignored due to the 'FORCE_COLOR' env being set.
(Use `node --trace-warnings ...` to show where the warning was created)
(node:58372) Warning: The 'NO_COLOR' env is ignored due to the 'FORCE_COLOR' env being set.
(Use `node --trace-warnings ...` to show where the warning was created)
  ok  2 tests\e2e\score.hearIt.spec.ts:65:1 › opened by address, one tap on Hear it: the piano plays (6.6s)
  ok  1 tests\e2e\score.hearIt.spec.ts:75:1 › after a tap on another screen first: the piano plays (the control) (7.6s)
  ok  3 tests\e2e\score.hearIt.spec.ts:87:1 › opened by address with the click on: Hear it plays the notes and the clicks (7.8s)
  ok  4 tests\e2e\score.hearIt.spec.ts:102:1 › opened by address in Listen, ▶ plays the notes and the clicks (7.6s)
  ok  5 tests\e2e\today.spec.ts:62:3 › Today › shows a weekly goal, an input chip, and a session card (2.2s)
  ok  7 tests\e2e\today.spec.ts:86:3 › Today › remembers the session length across a reload (895ms)
  ok  6 tests\e2e\today.spec.ts:72:3 › Today › the four session lengths build different cards (3.7s)
  ok  8 tests\e2e\today.spec.ts:95:3 › Today › "Swap this" offers alternatives and can exclude songs (2.7s)
  ok  9 tests\e2e\today.spec.ts:114:3 › Today › the "not a song" filter removes songs from the swap sheet (2.6s)
  ok 10 tests\e2e\today.spec.ts:132:3 › Today › shuffle rebuilds the card (2.6s)
  ok 11 tests\e2e\today.spec.ts:142:3 › Today › the tracks the data switches on are on before he touches a chip (C2) (1.6s)
  ok 12 tests\e2e\today.spec.ts:171:3 › Today › Today keeps recommending after the core path, from a track he never turned on (2.7s)
  ok 13 tests\e2e\today.spec.ts:223:3 › Today › the warm-up and the review say why, for a learner whose lesson exercise is counted and a piece has gone unplayed (3.5s)
  ok 14 tests\e2e\today.spec.ts:263:3 › Today › starting the session opens the first row (2.0s)
  ok 16 tests\e2e\today.spec.ts:314:3 › Today obeys 04 §0 › the session card starts inside the first screenful (R1) (1.5s)
  ok 15 tests\e2e\today.spec.ts:287:3 › the swap sheet’s demand tier (E0) › placed at 1.5, the steps-and-skips row’s sheet names the demand tier: also practises skips, with the other demands met (3.9s)
  ok 17 tests\e2e\today.spec.ts:325:3 › Today obeys 04 §0 › a row is one line of detail and no taller than 96 px (R2) (1.7s)
  ok 18 tests\e2e\today.spec.ts:346:3 › Today obeys 04 §0 › one filled button on the screen, and it is Start session (R3) (2.0s)
  ok 19 tests\e2e\today.spec.ts:445:3 › the daily read says why this phrase (C4, C4c) › two days of misread skips on 2.2: the phrase moves by step, and the card says the skips went wrong (4.6s)
  ok 20 tests\e2e\today.spec.ts:457:3 › the daily read says why this phrase (C4, C4c) › two reads wrong only where skips and eighths coincide, on 2.5: nothing blamed, the easy read, and the card says it is not sure yet (4.6s)

  20 passed (1.3m)
