
> pianopath@0.1.0 build:app
> node scripts/generate-icons.mjs && tsc -b && vite build

wrote icon-192.png (987 bytes)
wrote icon-512.png (4963 bytes)
wrote icon-maskable-192.png (851 bytes)
wrote icon-maskable-512.png (3982 bytes)
vite v8.2.2 building client environment for production...
transforming...
✓ 235 modules transformed.
rendering chunks...
computing gzip size...
dist/assets/loopbackProcessor-D81naZuY.js              0.96 kB
dist/manifest.webmanifest                              1.14 kB
dist/assets/folderWalk.worker-CRdej3Tl.js              1.68 kB
dist/index.html                                        1.80 kB │ gzip:   0.63 kB
dist/assets/pitchProcessor-DR8nSQKv.js                13.39 kB
dist/assets/pdf.worker.min-Cpi8b8z3.mjs            1,050.95 kB
dist/assets/ScoreScreen-BxJCtwv2.css                   0.28 kB │ gzip:   0.19 kB
dist/assets/index-DPdiLLZK.css                        62.58 kB │ gzip:  12.49 kB
dist/assets/stats-1YMUVmc5.js                          0.39 kB │ gzip:   0.27 kB
dist/assets/rolldown-runtime-hePW80VL.js               0.71 kB │ gzip:   0.42 kB
dist/assets/types-C34qHO0-.js                          0.83 kB │ gzip:   0.44 kB
dist/assets/virtual_pwa-register-DWPlNw0e.js           1.16 kB │ gzip:   0.61 kB
dist/assets/cross-staff-Bcseb-Ng.js                    1.66 kB │ gzip:   0.54 kB
dist/assets/pickup-grace-DHnxYflD.js                   1.73 kB │ gzip:   0.61 kB
dist/assets/repeat-endings-22trKdIW.js                 1.78 kB │ gzip:   0.60 kB
dist/assets/tempo-change-Bj-oOOuB.js                   1.86 kB │ gzip:   0.59 kB
dist/assets/selectors-GRrWNDTQ.js                      1.89 kB │ gzip:   0.86 kB
dist/assets/fingering-rests-BosCio-g.js                1.90 kB │ gzip:   0.59 kB
dist/assets/two-voices-BnRZDAEb.js                     2.19 kB │ gzip:   0.57 kB
dist/assets/stripRange-DZZwz4wp.js                     2.34 kB │ gzip:   1.10 kB
dist/assets/tuplets-68-B9S7qQD0.js                     2.70 kB │ gzip:   0.68 kB
dist/assets/chords-ties-DzAV7kf4.js                    2.75 kB │ gzip:   0.71 kB
dist/assets/spelling-DMbbMIQX.js                       2.88 kB │ gzip:   0.67 kB
dist/assets/difficulty-jeXy3H89.js                     3.28 kB │ gzip:   1.63 kB
dist/assets/accents-Mu27hZct.js                        3.62 kB │ gzip:   0.90 kB
dist/assets/OsmdView-DS8VqX_G.js                       4.29 kB │ gzip:   1.80 kB
dist/assets/musicXmlWriter-PqzL-UsH.js                 5.27 kB │ gzip:   1.98 kB
dist/assets/db-DWK6KZvc.js                             5.38 kB │ gzip:   2.11 kB
dist/assets/workbox-window.prod.es5-Bd17z0YL.js        5.65 kB │ gzip:   2.20 kB
dist/assets/mxl-Ds_MU_jj.js                            6.62 kB │ gzip:   3.34 kB
dist/assets/progressStore-C6fhyTJT.js                  8.44 kB │ gzip:   3.27 kB
dist/assets/Scoring-BZO1aznS.js                       10.27 kB │ gzip:   3.94 kB
dist/assets/SetupScreen-iINxr38N.js                   21.21 kB │ gzip:   8.22 kB
dist/assets/PracticeEngine-sdEEcGXx.js                21.53 kB │ gzip:   5.96 kB
dist/assets/sightReading-R6-I2OW0.js                  33.45 kB │ gzip:  12.05 kB
dist/assets/WindowRenderer-CexlaGf5.js                48.92 kB │ gzip:  14.64 kB
dist/assets/ScoreScreen-CHvtDkdx.js                   61.08 kB │ gzip:  21.38 kB
dist/assets/DevScoreScreen-KAdD-Vi9.js               104.57 kB │ gzip:  63.31 kB
dist/assets/PdfScreen-Or8NehZH.js                    413.21 kB │ gzip: 122.06 kB
dist/assets/index-C8uIUcC5.js                        564.14 kB │ gzip: 190.14 kB
dist/assets/opensheetmusicdisplay.min-BVAvtNEi.js  1,303.91 kB │ gzip: 335.26 kB

[33m[INEFFECTIVE_DYNAMIC_IMPORT] [0msrc/curriculum/load.ts is dynamically imported by src/data/evidenceJob.ts but also statically imported by src/curriculum/tips.ts, src/data/planStore.ts, src/score/estimateImport.ts, src/ui/assignSheet.ts, src/ui/screens/ChordChartScreen.ts, ..., dynamic import will not move module into another chunk.

[plugin builtin:vite-reporter] 
(!) Some chunks are larger than 500 kB after minification. Consider:
- Using dynamic import() to code-split the application
- Use build.rolldownOptions.output.codeSplitting to improve chunking: https://rolldown.rs/reference/OutputOptions.codeSplitting
- Adjust chunk size limit for this warning via build.chunkSizeWarningLimit.
[33m[INEFFECTIVE_DYNAMIC_IMPORT] [0msrc/data/planStore.ts is dynamically imported by src/data/evidenceJob.ts but also statically imported by src/data/backup.ts, src/data/rungStates.ts, src/ui/screens/DrillScreen.ts, src/ui/screens/LessonScreen.ts, src/ui/screens/PlanScreen.ts, ..., dynamic import will not move module into another chunk.

[33m[INEFFECTIVE_DYNAMIC_IMPORT] [0msrc/score/extractScoreModel.ts is dynamically imported by src/data/evidenceJob.ts, src/score/estimateImport.ts but also statically imported by src/demands/detect.ts, src/score/OsmdView.ts, dynamic import will not move module into another chunk.

[33m[INEFFECTIVE_DYNAMIC_IMPORT] [0msrc/evidence/vocabulary.ts is dynamically imported by src/data/evidenceJob.ts but also statically imported by src/curriculum/session.ts, src/data/rungStates.ts, src/ui/help.ts, src/ui/screens/LessonScreen.ts, src/ui/screens/ProgressScreen.ts, ..., dynamic import will not move module into another chunk.

[33m[INEFFECTIVE_DYNAMIC_IMPORT] [0msrc/data/evidenceJob.ts is dynamically imported by src/main.ts but also statically imported by src/ui/screens/SettingsScreen.ts, dynamic import will not move module into another chunk.

✓ built in 1.65s

PWA v1.3.0
mode      generateSW
precache  2192 entries (22748.94 KiB)
files generated
  dist/sw.js
  dist/workbox-9c191d2f.js
