[WebServer] (node:49940) Warning: The 'NO_COLOR' env is ignored due to the 'FORCE_COLOR' env being set.
[WebServer] (Use `node --trace-warnings ...` to show where the warning was created)
[WebServer] [INEFFECTIVE_DYNAMIC_IMPORT] src/curriculum/load.ts is dynamically imported by src/data/evidenceJob.ts but also statically imported by src/curriculum/tips.ts, src/data/planStore.ts, src/score/estimateImport.ts, src/ui/assignSheet.ts, src/ui/screens/ChordChartScreen.ts, ..., dynamic import will not move module into another chunk.
[WebServer] 
[WebServer] [plugin builtin:vite-reporter] 
[WebServer] (!) Some chunks are larger than 500 kB after minification. Consider:
[WebServer] - Using dynamic import() to code-split the application
[WebServer] - Use build.rolldownOptions.output.codeSplitting to improve chunking: https://rolldown.rs/reference/OutputOptions.codeSplitting
[WebServer] - Adjust chunk size limit for this warning via build.chunkSizeWarningLimit.
[WebServer] [INEFFECTIVE_DYNAMIC_IMPORT] src/data/planStore.ts is dynamically imported by src/data/evidenceJob.ts but also statically imported by src/data/backup.ts, src/data/rungStates.ts, src/ui/screens/DrillScreen.ts, src/ui/screens/LessonScreen.ts, src/ui/screens/PlanScreen.ts, ..., dynamic import will not move module into another chunk.
[WebServer] 
[WebServer] [INEFFECTIVE_DYNAMIC_IMPORT] src/score/extractScoreModel.ts is dynamically imported by src/data/evidenceJob.ts, src/score/estimateImport.ts but also statically imported by src/demands/detect.ts, src/score/OsmdView.ts, dynamic import will not move module into another chunk.
[WebServer] 
[WebServer] [INEFFECTIVE_DYNAMIC_IMPORT] src/evidence/vocabulary.ts is dynamically imported by src/data/evidenceJob.ts but also statically imported by src/curriculum/session.ts, src/data/rungStates.ts, src/ui/help.ts, src/ui/screens/LessonScreen.ts, src/ui/screens/ProgressScreen.ts, ..., dynamic import will not move module into another chunk.
[WebServer] 
[WebServer] [INEFFECTIVE_DYNAMIC_IMPORT] src/data/evidenceJob.ts is dynamically imported by src/main.ts but also statically imported by src/ui/screens/SettingsScreen.ts, dynamic import will not move module into another chunk.
[WebServer] 
[WebServer] (node:39700) Warning: The 'NO_COLOR' env is ignored due to the 'FORCE_COLOR' env being set.
[WebServer] (Use `node --trace-warnings ...` to show where the warning was created)

Running 60 tests using 2 workers

(node:23864) Warning: The 'NO_COLOR' env is ignored due to the 'FORCE_COLOR' env being set.
(Use `node --trace-warnings ...` to show where the warning was created)
(node:50136) Warning: The 'NO_COLOR' env is ignored due to the 'FORCE_COLOR' env being set.
(Use `node --trace-warnings ...` to show where the warning was created)
  ok  1 tests\e2e\doors.spec.ts:123:3 › Today's tools › Free play opens the free-play screen (832ms)
  ok  2 tests\e2e\doors.spec.ts:131:3 › Today's tools › Sight-read opens the same phrase the daily card offers (1.1s)
  ok  3 tests\e2e\doors.spec.ts:148:3 › Today's tools › Simon opens a Simon drill (637ms)
  ok  4 tests\e2e\doors.spec.ts:157:3 › Today's tools › Accompaniment lab opens the lab (465ms)
  ok  5 tests\e2e\doors.spec.ts:164:3 › Today's tools › the tools are text, so Start session is still the only filled box (R3) (460ms)
  ok  7 tests\e2e\doors.spec.ts:192:3 › Open as… from a Library row › Rhythm only opens a rhythm run, in the one mode that has a clock (1.2s)
  ok  6 tests\e2e\doors.spec.ts:182:3 › Open as… from a Library row › the four modes are the mode the score opens in (5.8s)
  ok  8 tests\e2e\doors.spec.ts:201:3 › Open as… from a Library row › and any other choice afterwards is not a rhythm run (4.2s)
  ok 10 tests\e2e\doors.spec.ts:231:3 › Open as… from a Library row › Blind hides the score and leaves the rest of the run alone (1.8s)
  ok  9 tests\e2e\doors.spec.ts:215:3 › Open as… from a Library row › Duet opens with a hand chosen and the app on the other one (2.3s)
  ok 11 tests\e2e\doors.spec.ts:238:3 › Open as… from a Library row › the control is only on rows that open on the Score screen (R4) (934ms)
  ok 12 tests\e2e\doors.spec.ts:276:3 › the Library rows upright › a catalog row keeps its words and its links on one line (977ms)
  ok 13 tests\e2e\doors.spec.ts:283:3 › the Library rows upright › an imported row still drops its buttons to a line of their own (901ms)
  ok 15 tests\e2e\doors.spec.ts:322:3 › Free play › names a held C–E–G as C major, and lets go of it (666ms)
  ok 14 tests\e2e\doors.spec.ts:306:3 › the Open as… sheet sideways › every one of the seven is on the screen without scrolling (1.2s)
  ok 16 tests\e2e\doors.spec.ts:341:3 › Free play › an inversion is named after its root (458ms)
  ok 17 tests\e2e\doors.spec.ts:351:3 › Free play › with nothing connected it says so and offers the way to connect (R4) (558ms)
  ok 18 tests\e2e\doors.spec.ts:363:3 › Free play › the keys on the screen are an input, not a diagram (631ms)
  ok 19 tests\e2e\doors.spec.ts:376:3 › Free play › Back returns to Today (640ms)
  ok 20 tests\e2e\doors.spec.ts:470:5 › pictures › every door, light (19.2s)
  ok 21 tests\e2e\doors.spec.ts:470:5 › pictures › every door, dark (20.1s)
  ok 23 tests\e2e\engine.spec.ts:9:3 › Wait mode end to end › a perfect scripted run finishes and scores 100 % (875ms)
  ok 22 tests\e2e\doors.spec.ts:491:3 › pictures › the phone at 115 % text (3.2s)
  ok 24 tests\e2e\engine.spec.ts:23:3 › Wait mode end to end › the cursor follows the engine, not a clock (2.4s)
  ok 25 tests\e2e\engine.spec.ts:40:3 › Wait mode end to end › a scripted MIDI performance drives the run through a real ReplaySource (1.4s)
  ok 26 tests\e2e\engine.spec.ts:69:3 › Wait mode end to end › a wrong note is counted and painted red without advancing (1.0s)
  ok 27 tests\e2e\engine.spec.ts:82:3 › Wait mode end to end › a run over a repeat visits the printed bar twice (939ms)
  ok 29 tests\e2e\engine.spec.ts:112:3 › Tempo mode end to end › a late run yields the expected timing statistics (1.8s)
  ok 28 tests\e2e\engine.spec.ts:96:3 › Tempo mode end to end › the clock advances the cursor with nothing played, and reports misses (2.4s)
  ok 30 tests\e2e\engine.spec.ts:156:3 › Tempo mode end to end › a note far outside the tolerance is wrong and its slot is missed (1.5s)
  ok 31 tests\e2e\engine.spec.ts:167:3 › Tempo mode end to end › the count-in delays the first step (1.1s)
  ok 32 tests\e2e\engine.spec.ts:184:5 › generated sight-reading renders and can be practised › level 1 renders and drives a perfect Wait run (898ms)
  ok 33 tests\e2e\engine.spec.ts:184:5 › generated sight-reading renders and can be practised › level 2 renders and drives a perfect Wait run (921ms)
  ok 34 tests\e2e\engine.spec.ts:184:5 › generated sight-reading renders and can be practised › level 3 renders and drives a perfect Wait run (926ms)
  ok 35 tests\e2e\engine.spec.ts:184:5 › generated sight-reading renders and can be practised › level 4 renders and drives a perfect Wait run (942ms)
  ok 37 tests\e2e\midi.spec.ts:52:3 › MIDI screen with a mocked device › injected Note-On lights the key, Note-Off clears it (629ms)
  ok 36 tests\e2e\engine.spec.ts:205:3 › generated sight-reading renders and can be practised › the same seed gives the same exercise, a different seed does not (1.1s)
  ok 38 tests\e2e\midi.spec.ts:63:3 › MIDI screen with a mocked device › Note-On with velocity 0 releases the key too (558ms)
  ok 39 tests\e2e\midi.spec.ts:71:3 › MIDI screen with a mocked device › a held chord lights exactly its own keys (701ms)
  ok 40 tests\e2e\midi.spec.ts:79:3 › MIDI screen with a mocked device › All Notes Off releases every held key (633ms)
  ok 41 tests\e2e\midi.spec.ts:87:3 › MIDI screen with a mocked device › requests access without SysEx, and only on the button press (572ms)
  ok 42 tests\e2e\midi.spec.ts:93:3 › MIDI screen with a mocked device › shows the device and logs the played notes (611ms)
  ok 43 tests\e2e\midi.spec.ts:102:3 › MIDI screen with a mocked device › picks up a device plugged in after connecting (667ms)
  ok 44 tests\e2e\midi.spec.ts:111:3 › MIDI screen with a mocked device › pinning one input ignores notes from the other (736ms)
  ok 45 tests\e2e\midi.spec.ts:123:3 › MIDI screen with a mocked device › tapping an on-screen key works with no cable at all (646ms)
  ok 46 tests\e2e\midi.spec.ts:132:3 › MIDI screen with a mocked device › the strip draws all 88 keys, A0 to C8 (581ms)
  ok 48 tests\e2e\midi.spec.ts:166:3 › MIDI screen error states › a denied permission explains how to re-enable it in Chrome (669ms)
  ok 47 tests\e2e\midi.spec.ts:142:3 › MIDI screen settings persistence › the pinned input survives a reload (909ms)
  ok 49 tests\e2e\midi.spec.ts:177:3 › MIDI screen error states › an unsupported browser says so and keeps the on-screen keyboard (511ms)
  ok 50 tests\e2e\midi.spec.ts:185:3 › MIDI screen error states › with no inputs at all the screen says so instead of failing (570ms)
  ok 51 tests\e2e\midi.spec.ts:205:3 › Diagnostics screen › logs raw hex and a parsed description, newest first (907ms)
  ok 52 tests\e2e\midi.spec.ts:215:3 › Diagnostics screen › counts active sensing instead of flooding the log with it (1.1s)
  ok 53 tests\e2e\midi.spec.ts:222:3 › Diagnostics screen › the parsed column can be turned off (893ms)
  ok 54 tests\e2e\midi.spec.ts:230:3 › Diagnostics screen › Clear empties the log (837ms)
  ok 55 tests\e2e\midi.spec.ts:237:3 › Diagnostics screen › the debug report carries the browser, the devices and the messages (929ms)
  ok 56 tests\e2e\midi.spec.ts:255:3 › Diagnostics screen › reachable from Settings (1.4s)
  ok 57 tests\e2e\score.density.spec.ts:127:1 › a phone still gets the width filled (1.6s)
  ok 58 tests\e2e\score.density.spec.ts:138:3 › a 900px screen keeps note spacing and centres it (2.1s)
  ok 59 tests\e2e\score.density.spec.ts:138:3 › a 1512px screen keeps note spacing and centres it (1.6s)
  -  60 tests\e2e\score.density.spec.ts:198:1 › a narrow system on a phone is centred, not pinned left

  1 skipped
  59 passed (1.5m)
