--- content build ---
  ok    fetch            fetched 10 source(s), skipped 5
  ok    import [MT]      imported 64 score(s), excluded 4, normalised 9 (9 cached, 1 converted)
  ok    import [KERN]    imported 162 score(s), 1 placeholder(s), excluded 73 (162 cached, 0 converted)
  ok    import [PDMX]    imported 544 score(s), 177 personal-build
  ok    import [MUTO]    imported 1 score(s), 0 placeholder(s) (1 cached, 0 converted)
  ok    generate [GEN]   wrote 1204 items to <worktree>\app\public\content\scores\generated; catalog <worktree>\build\catalog.generated.json
  ok    author [AUTH]    authored 39 item(s) (33 cached, 0 converted)
  ok    merge catalog    2100 items, 22 with named sections, 6 excerpt(s) cut, 101 given a track by their rung, 2020 read from the score, 631 keySig corrected, demands measured on 2020 (8 unmeasured, 72 made at runtime)
  ok    score checks     score-checks gate: 38 high row(s), 38 allowed by content\score-checks.allow.json
  ok    curriculum       11 file(s), 10 stage(s), 106 finder(s), 286 concept(s)
  ok    reports          565 checkable claims on 1031 options: 312 not established, 4 kept by no option; 788 works, 817 arrangements
  ok    lessons          110 file(s)
  ok    tips             20 kind(s), 7 variant(s)
  ok    validate         content validation OK: <worktree>\app\public\content (2100 catalog items)
          WARNING (excerpt, E1): excerpts.json row 1 (excerpt.classical.bach-menuet-bwv-anh-113.pdmx.b25-32): stale by provenance — approved against the parent's bytes c64c189e8d78…, the parent is now 9b24851973be…: its boundary review predates the parent's change
          WARNING (excerpt, E1): excerpts.json row 1 (excerpt.classical.bach-menuet-bwv-anh-113.pdmx.b25-32): stale by cut version — approved when the cutter was version 1, the cutter is now version 2: nothing carries the approval to this cut; a person re-decides it
          WARNING (excerpt, E1): excerpts.json row 2 (excerpt.classical.mendelssohn-hark-the-herald-angels-sing-piano-bass-jazz-lead-sheet.pdmx.b25-28): stale by provenance — approved against the parent's bytes e31397242245…, the parent is now 079361fe45ab…: its boundary review predates the parent's change
          WARNING (excerpt, E1): excerpts.json row 2 (excerpt.classical.mendelssohn-hark-the-herald-angels-sing-piano-bass-jazz-lead-sheet.pdmx.b25-28): stale by cut version — approved when the cutter was version 1, the cutter is now version 2: nothing carries the approval to this cut; a person re-decides it
          WARNING (excerpt, E1): excerpts.json row 3 (excerpt.classical.beethoven-ode-to-joy.easy.b9-12): stale by cut version — approved when the cutter was version 1, the cutter is now version 2: nothing carries the approval to this cut; a person re-decides it
          WARNING (excerpt, E1): excerpts.json row 4 (excerpt.classical.i-got-rythm.pdmx.b15-18): stale by provenance — approved against the parent's bytes 253e4039a0fa…, the parent is now 0ac44aa9d1ca…: its boundary review predates the parent's change
          WARNING (excerpt, E1): excerpts.json row 4 (excerpt.classical.i-got-rythm.pdmx.b15-18): stale by cut version — approved when the cutter was version 1, the cutter is now version 2: nothing carries the approval to this cut; a person re-decides it
          WARNING (excerpt, E1): excerpts.json row 5 (excerpt.blues.wabash-blues.b1-4): stale by provenance — approved against the parent's bytes 60f8d018899c…, the parent is now b896827d97be…: its boundary review predates the parent's change
          WARNING (excerpt, E1): excerpts.json row 5 (excerpt.blues.wabash-blues.b1-4): stale by cut version — approved when the cutter was version 1, the cutter is now version 2: nothing carries the approval to this cut; a person re-decides it
          WARNING (rung claims, E0): 312 of 565 checkable claims on rung options are not established by the options' measured demands (0 unmeasured on this build, neither established nor refuted, Q75); 4 rung claims no option establishes; 480 concept claims no detector can measure, with 6 human teaching-use reviews. Nothing is removed from a rung: docs/prompts/rung-claims.md.
          WARNING (untaught rung-own options, L120b): 220 rung-own options on 44 rungs are refused `untaught` at their own rung (446 option-demand pairs: A 3, B-claim 36, B-mapping 0, C-later 254, C-elsewhere 153, C-nowhere 0); `python tools/content/untaught_options.py` lists and classifies them (A reading, B ownership, C placement).
          WARNING (untaught rung-own options, L120b): 15 runtime reading row(s) on rungs not read (the demands they ask are the reading controls', app code; the app's probe refusal among them is recorded in tests/test_untaught_options.py): 1.3 drill.reading.sight-reading-1-left, 1.4 drill.reading.sight-reading-1-left, 1.5 drill.reading.sight-reading-1, 2.2 drill.reading.sight-reading-2-right, 2.5 drill.reading.sight-reading-2-right, 3.4 drill.reading.sight-reading-2, classical.3 drill.reading.sight-reading-2, 4.5 drill.reading.sight-reading-3, 4.6 drill.reading.sight-reading-3, 4.6 drill.reading.sight-reading-4, technique.5 drill.reading.sight-reading-4, theory.6 drill.reading.sight-reading-5, jazz.8 drill.reading.sight-reading-7, chords-pop.8 drill.reading.sight-reading-6, theory.9 drill.reading.sight-reading-6
          WARNING (rung claims, F2): ragtime.7 claims habanera (rhythm.habanera) and none of its 11 checked options establishes it; deferred: curated-only (CD1 §3a): ragtime.7.md names Solace's habanera rhythm but no passage, so no verified passage fact establishes it; unestablished until a lesson names the bars
  ok    generated ids    1204 generated ids; the committed manifest is current
  223.7s → app\public\content
