the edition as written: PASS
the edition re-serialised by ElementTree: PASS

mutant 1 B4 to Bb4 in bar 3: FAIL (2 failure lines)
    staff 1 bar 3: B4 lasting 1 quarter(s) at beat 2: a source Riff staff 1 event missing
    staff 1 bar 3: Bb4 lasting 1 quarter(s) at beat 2: not a source Riff staff 1 event
    names ['bar 3: B4', 'bar 3: Bb4'] : True

mutant 2 bar 10's sixty-fourth C4 deleted: FAIL (1 failure lines)
    staff 1 bar 10: C4 lasting 1/16 quarter(s) at beat 4.9375: a source Riff staff 1 event missing
    names ['bar 10: C4 lasting 1/16'] : True

mutant 3 bar 9's C6 onset moved a sixteenth: FAIL (2 failure lines)
    staff 1 bar 9: C6 lasting 1/4 quarter(s) at beat 1.75: a source Riff staff 1 event missing
    staff 1 bar 9: C6 lasting 1/4 quarter(s) at beat 1.5: not a source Riff staff 1 event
    names ['bar 9: C6 lasting 1/4 quarter(s) at beat 1.75', 'bar 9: C6 lasting 1/4 quarter(s) at beat 1.5'] : True

mutant 4 bar 10's double-dotted sixteenth shortened: FAIL (4 failure lines)
    staff 1 bar 10: F4 lasting 7/16 quarter(s) at beat 4.5: a source Riff staff 1 event missing
    staff 1 bar 10: F5 lasting 7/16 quarter(s) at beat 4.5: a source Riff staff 1 event missing
    staff 1 bar 10: F4 lasting 3/8 quarter(s) at beat 4.5: not a source Riff staff 1 event
    staff 1 bar 10: F5 lasting 3/8 quarter(s) at beat 4.5: not a source Riff staff 1 event
    names ['bar 10: F4 lasting 7/16', 'bar 10: F4 lasting 3/8'] : True

mutant 5 a voicing head added: FAIL (1 failure lines)
    staff 1 bar 1: E4 lasting 4 quarter(s) at beat 1: an omitted source event (the voicings)
    names ['bar 1: E4 lasting 4 quarter(s) at beat 1: an omitted source event'] : True

mutant 6 a drum head added: FAIL (1 failure lines)
    staff 1 bar 1: x lasting 1 quarter(s) at beat 1: an unpitched head
    names ['bar 1: x lasting 1 quarter(s) at beat 1: an unpitched head'] : True

mutant 7 bar 5's root an octave up: FAIL (2 failure lines)
    staff 2 bar 5: F2 lasting 4 quarter(s) at beat 1: a source Piano staff 2 event missing
    staff 2 bar 5: F3 lasting 4 quarter(s) at beat 1: not a source Piano staff 2 event
    names ['bar 5: F2', 'bar 5: F3'] : True

mutant 8 bar 12's root G2: FAIL (2 failure lines)
    staff 2 bar 12: C2 lasting 4 quarter(s) at beat 1: a source Piano staff 2 event missing
    staff 2 bar 12: G2 lasting 4 quarter(s) at beat 1: not a source Piano staff 2 event
    names ['bar 12: C2', 'bar 12: G2'] : True

mutant 9 the staves swapped: FAIL (146 failure lines)
    staff 1 opens with clef F4, not G2
    staff 2 opens with clef G2, not F4
    staff 1 bar 1: C5 lasting 3 quarter(s) at beat 1: a source Riff staff 1 event missing
    staff 1 bar 1: Eb5 lasting 1 quarter(s) at beat 4: a source Riff staff 1 event missing
    staff 1 bar 2: F5 lasting 3/2 quarter(s) at beat 1: a source Riff staff 1 event missing
    staff 1 bar 2: G5 lasting 1 quarter(s) at beat 2.5: a source Riff staff 1 event missing
    ... 140 more
    names ['staff 1 bar 1: C5', 'staff 2 bar 1: C2'] : True
======================================================================
FAIL: test_each_mutant_fails_naming_its_bar_and_event (tools.content.tests.test_restaff.TestMutants.test_each_mutant_fails_naming_its_bar_and_event) [1 B4 to Bb4 in bar 3]
----------------------------------------------------------------------
Traceback (most recent call last):
  File "<worktree>\tools\content\tests\test_restaff.py", line 381, in test_each_mutant_fails_naming_its_bar_and_event
    self.assertFalse(verdict.ok, f"{name}: the verifier passed a mutant")
AssertionError: True is not false : 1 B4 to Bb4 in bar 3: the verifier passed a mutant

======================================================================
FAIL: test_each_mutant_fails_naming_its_bar_and_event (tools.content.tests.test_restaff.TestMutants.test_each_mutant_fails_naming_its_bar_and_event) [2 bar 10's sixty-fourth C4 deleted]
----------------------------------------------------------------------
Traceback (most recent call last):
  File "<worktree>\tools\content\tests\test_restaff.py", line 381, in test_each_mutant_fails_naming_its_bar_and_event
    self.assertFalse(verdict.ok, f"{name}: the verifier passed a mutant")
AssertionError: True is not false : 2 bar 10's sixty-fourth C4 deleted: the verifier passed a mutant

======================================================================
FAIL: test_each_mutant_fails_naming_its_bar_and_event (tools.content.tests.test_restaff.TestMutants.test_each_mutant_fails_naming_its_bar_and_event) [3 bar 9's C6 onset moved a sixteenth]
----------------------------------------------------------------------
Traceback (most recent call last):
  File "<worktree>\tools\content\tests\test_restaff.py", line 381, in test_each_mutant_fails_naming_its_bar_and_event
    self.assertFalse(verdict.ok, f"{name}: the verifier passed a mutant")
AssertionError: True is not false : 3 bar 9's C6 onset moved a sixteenth: the verifier passed a mutant

======================================================================
FAIL: test_each_mutant_fails_naming_its_bar_and_event (tools.content.tests.test_restaff.TestMutants.test_each_mutant_fails_naming_its_bar_and_event) [4 bar 10's double-dotted sixteenth shortened]
----------------------------------------------------------------------
Traceback (most recent call last):
  File "<worktree>\tools\content\tests\test_restaff.py", line 381, in test_each_mutant_fails_naming_its_bar_and_event
    self.assertFalse(verdict.ok, f"{name}: the verifier passed a mutant")
AssertionError: True is not false : 4 bar 10's double-dotted sixteenth shortened: the verifier passed a mutant

======================================================================
FAIL: test_each_mutant_fails_naming_its_bar_and_event (tools.content.tests.test_restaff.TestMutants.test_each_mutant_fails_naming_its_bar_and_event) [5 a voicing head added]
----------------------------------------------------------------------
Traceback (most recent call last):
  File "<worktree>\tools\content\tests\test_restaff.py", line 381, in test_each_mutant_fails_naming_its_bar_and_event
    self.assertFalse(verdict.ok, f"{name}: the verifier passed a mutant")
AssertionError: True is not false : 5 a voicing head added: the verifier passed a mutant

======================================================================
FAIL: test_each_mutant_fails_naming_its_bar_and_event (tools.content.tests.test_restaff.TestMutants.test_each_mutant_fails_naming_its_bar_and_event) [6 a drum head added]
----------------------------------------------------------------------
Traceback (most recent call last):
  File "<worktree>\tools\content\tests\test_restaff.py", line 381, in test_each_mutant_fails_naming_its_bar_and_event
    self.assertFalse(verdict.ok, f"{name}: the verifier passed a mutant")
AssertionError: True is not false : 6 a drum head added: the verifier passed a mutant

======================================================================
FAIL: test_each_mutant_fails_naming_its_bar_and_event (tools.content.tests.test_restaff.TestMutants.test_each_mutant_fails_naming_its_bar_and_event) [7 bar 5's root an octave up]
----------------------------------------------------------------------
Traceback (most recent call last):
  File "<worktree>\tools\content\tests\test_restaff.py", line 381, in test_each_mutant_fails_naming_its_bar_and_event
    self.assertFalse(verdict.ok, f"{name}: the verifier passed a mutant")
AssertionError: True is not false : 7 bar 5's root an octave up: the verifier passed a mutant

======================================================================
FAIL: test_each_mutant_fails_naming_its_bar_and_event (tools.content.tests.test_restaff.TestMutants.test_each_mutant_fails_naming_its_bar_and_event) [8 bar 12's root G2]
----------------------------------------------------------------------
Traceback (most recent call last):
  File "<worktree>\tools\content\tests\test_restaff.py", line 381, in test_each_mutant_fails_naming_its_bar_and_event
    self.assertFalse(verdict.ok, f"{name}: the verifier passed a mutant")
AssertionError: True is not false : 8 bar 12's root G2: the verifier passed a mutant

======================================================================
FAIL: test_each_mutant_fails_naming_its_bar_and_event (tools.content.tests.test_restaff.TestMutants.test_each_mutant_fails_naming_its_bar_and_event) [9 the staves swapped]
----------------------------------------------------------------------
Traceback (most recent call last):
  File "<worktree>\tools\content\tests\test_restaff.py", line 381, in test_each_mutant_fails_naming_its_bar_and_event
    self.assertFalse(verdict.ok, f"{name}: the verifier passed a mutant")
AssertionError: True is not false : 9 the staves swapped: the verifier passed a mutant

----------------------------------------------------------------------
Ran 1 test in 0.021s

FAILED (failures=9)

with a checker that passes everything, the mutant test: RED (9 failing subtests of 9, 0 errors)
