ERROR: setUpClass (tools.content.tests.test_restaff.TestCommittedEdition)
AssertionError: 0 derived rows for Qmb7mkEfKzmNvK5EJKb5Ntph7797QwEeS4anHT8q8wdgKi in content/sources/pdmx.json, want 1
ERROR: test_a_row_with_no_derivation_has_nothing_to_validate (tools.content.tests.test_restaff.TestDerivationValidation.test_a_row_with_no_derivation_has_nothing_to_validate)
AttributeError: module 'import_pdmx' has no attribute 'validate_derivation'
ERROR: test_each_broken_block_is_refused (tools.content.tests.test_restaff.TestDerivationValidation.test_each_broken_block_is_refused) [an unknown kind]
AttributeError: module 'import_pdmx' has no attribute 'validate_derivation'
ERROR: test_each_broken_block_is_refused (tools.content.tests.test_restaff.TestDerivationValidation.test_each_broken_block_is_refused) [a source sha that is not the row's raw sha]
AttributeError: module 'import_pdmx' has no attribute 'validate_derivation'
ERROR: test_each_broken_block_is_refused (tools.content.tests.test_restaff.TestDerivationValidation.test_each_broken_block_is_refused) [an empty keep]
AttributeError: module 'import_pdmx' has no attribute 'validate_derivation'
ERROR: test_each_broken_block_is_refused (tools.content.tests.test_restaff.TestDerivationValidation.test_each_broken_block_is_refused) [a part both kept and omitted]
AttributeError: module 'import_pdmx' has no attribute 'validate_derivation'
ERROR: test_each_broken_block_is_refused (tools.content.tests.test_restaff.TestDerivationValidation.test_each_broken_block_is_refused) [a tool that is not in the repository]
AttributeError: module 'import_pdmx' has no attribute 'validate_derivation'
ERROR: test_each_broken_block_is_refused (tools.content.tests.test_restaff.TestDerivationValidation.test_each_broken_block_is_refused) [a fixture that is not in the repository]
AttributeError: module 'import_pdmx' has no attribute 'validate_derivation'
ERROR: test_each_broken_block_is_refused (tools.content.tests.test_restaff.TestDerivationValidation.test_each_broken_block_is_refused) [an unknown field]
AttributeError: module 'import_pdmx' has no attribute 'validate_derivation'
ERROR: test_each_broken_block_is_refused (tools.content.tests.test_restaff.TestDerivationValidation.test_each_broken_block_is_refused) [a fixture bound to another raw sha]
FileNotFoundError: [Errno 2] No such file or directory: '<worktree>\\tools\\content\\tests\\fixtures\\restaff\\Qmb7mkEfKzmNvK5EJKb5Ntph7797QwEeS4anHT8q8wdgKi.source-events.json'
ERROR: test_the_real_block_validates (tools.content.tests.test_restaff.TestDerivationValidation.test_the_real_block_validates)
AttributeError: module 'import_pdmx' has no attribute 'validate_derivation'
ERROR: setUpClass (tools.content.tests.test_restaff.TestFixture)
FileNotFoundError: [Errno 2] No such file or directory: '<worktree>\\tools\\content\\tests\\fixtures\\restaff\\Qmb7mkEfKzmNvK5EJKb5Ntph7797QwEeS4anHT8q8wdgKi.source-events.json'
ERROR: setUpClass (tools.content.tests.test_restaff.TestMutants)
AssertionError: 0 derived rows for Qmb7mkEfKzmNvK5EJKb5Ntph7797QwEeS4anHT8q8wdgKi in content/sources/pdmx.json, want 1
FAIL: test_the_catalogue_item_says_what_was_done (tools.content.tests.test_restaff.TestDerivationValidation.test_the_catalogue_item_says_what_was_done)
AssertionError: 0 derived rows for Qmb7mkEfKzmNvK5EJKb5Ntph7797QwEeS4anHT8q8wdgKi in content/sources/pdmx.json, want 1
FAIL: test_the_import_fails_naming_the_row (tools.content.tests.test_restaff.TestDerivationValidation.test_the_import_fails_naming_the_row)
AssertionError: 0 derived rows for Qmb7mkEfKzmNvK5EJKb5Ntph7797QwEeS4anHT8q8wdgKi in content/sources/pdmx.json, want 1
Ran 8 tests in 0.556s
FAILED (failures=2, errors=13)
