
> pianopath@0.1.0 build:app
> node scripts/generate-icons.mjs && tsc -b && vite build

wrote icon-192.png (987 bytes)
wrote icon-512.png (4963 bytes)
wrote icon-maskable-192.png (851 bytes)
wrote icon-maskable-512.png (3982 bytes)
vite v8.2.2 building client environment for production...
transforming...
✓ 242 modules transformed.
rendering chunks...
computing gzip size...
dist/assets/loopbackProcessor-D81naZuY.js              0.96 kB
dist/manifest.webmanifest                              1.14 kB
dist/assets/folderWalk.worker-CRdej3Tl.js              1.68 kB
dist/index.html                                        2.36 kB │ gzip:   0.73 kB
dist/assets/pitchProcessor-DR8nSQKv.js                13.39 kB
dist/assets/pdf.worker.min-Cpi8b8z3.mjs            1,050.95 kB
dist/assets/ScoreScreen-BxJCtwv2.css                   0.28 kB │ gzip:   0.19 kB
dist/assets/index-wHvQfQwF.css                        62.71 kB │ gzip:  12.52 kB
dist/assets/stats-1YMUVmc5.js                          0.39 kB │ gzip:   0.27 kB
dist/assets/types-Do_XH_Wx.js                          0.41 kB │ gzip:   0.30 kB
dist/assets/rolldown-runtime-hePW80VL.js               0.71 kB │ gzip:   0.42 kB
dist/assets/types-C34qHO0-.js                          0.83 kB │ gzip:   0.44 kB
dist/assets/virtual_pwa-register-Avs5aGW9.js           1.16 kB │ gzip:   0.61 kB
dist/assets/cross-staff-Bcseb-Ng.js                    1.66 kB │ gzip:   0.54 kB
dist/assets/pickup-grace-DHnxYflD.js                   1.73 kB │ gzip:   0.61 kB
dist/assets/repeat-endings-22trKdIW.js                 1.78 kB │ gzip:   0.60 kB
dist/assets/tempo-change-Bj-oOOuB.js                   1.86 kB │ gzip:   0.59 kB
dist/assets/fingering-rests-BosCio-g.js                1.90 kB │ gzip:   0.59 kB
dist/assets/selectors-DIVxQYsw.js                      2.18 kB │ gzip:   1.03 kB
dist/assets/two-voices-BnRZDAEb.js                     2.19 kB │ gzip:   0.57 kB
dist/assets/stripRange-BtV4C7HF.js                     2.34 kB │ gzip:   1.10 kB
dist/assets/tuplets-68-B9S7qQD0.js                     2.70 kB │ gzip:   0.68 kB
dist/assets/chords-ties-DzAV7kf4.js                    2.75 kB │ gzip:   0.71 kB
dist/assets/spelling-DMbbMIQX.js                       2.88 kB │ gzip:   0.67 kB
dist/assets/difficulty-jeXy3H89.js                     3.28 kB │ gzip:   1.63 kB
dist/assets/accents-Mu27hZct.js                        3.62 kB │ gzip:   0.90 kB
dist/assets/OsmdView-2J9hglRP.js                       4.34 kB │ gzip:   1.82 kB
dist/assets/extractScoreModel-DT3MwOLk.js              4.73 kB │ gzip:   2.24 kB
dist/assets/musicXmlWriter-PqzL-UsH.js                 5.27 kB │ gzip:   1.98 kB
dist/assets/db-DO9WTdxc.js                             5.43 kB │ gzip:   2.13 kB
dist/assets/workbox-window.prod.es5-Bd17z0YL.js        5.65 kB │ gzip:   2.20 kB
dist/assets/detect-BzkQL9NP.js                         6.31 kB │ gzip:   2.44 kB
dist/assets/mxl-B7OhYGov.js                            6.62 kB │ gzip:   3.34 kB
dist/assets/evidence-DDFfKcIB.js                       8.06 kB │ gzip:   3.14 kB
dist/assets/progressStore-TfKxECZh.js                  8.44 kB │ gzip:   3.27 kB
dist/assets/Scoring-CYrivDuy.js                        9.90 kB │ gzip:   3.76 kB
dist/assets/ScoreSession-B1KxwXfx.js                  15.33 kB │ gzip:   5.08 kB
dist/assets/vocabulary-DOcKWPGo.js                    15.35 kB │ gzip:   5.26 kB
dist/assets/eligibility-lyWcmEpc.js                   18.97 kB │ gzip:   6.77 kB
dist/assets/SetupScreen-YbiO1bNv.js                   21.21 kB │ gzip:   8.22 kB
dist/assets/PracticeEngine-DN2HbJar.js                21.56 kB │ gzip:   5.97 kB
dist/assets/DevMicroscopeScreen-BKb1DCjH.js           31.00 kB │ gzip:  11.68 kB
dist/assets/sightReading-CEXJz0Vc.js                  45.37 kB │ gzip:  16.45 kB
dist/assets/ScoreScreen-CeOyJS6x.js                   46.74 kB │ gzip:  17.16 kB
dist/assets/WindowRenderer-CGH73N_F.js                48.92 kB │ gzip:  14.64 kB
dist/assets/DevScoreScreen-Ben6Cesd.js               104.57 kB │ gzip:  63.31 kB
dist/assets/PdfScreen-CLgCJsmk.js                    413.21 kB │ gzip: 122.06 kB
dist/assets/index-DTfBsR-O.js                        531.53 kB │ gzip: 179.82 kB
dist/assets/opensheetmusicdisplay.min-BVAvtNEi.js  1,303.91 kB │ gzip: 335.26 kB

[33m[INEFFECTIVE_DYNAMIC_IMPORT] [0msrc/curriculum/load.ts is dynamically imported by src/data/evidenceJob.ts but also statically imported by src/curriculum/tips.ts, src/data/planStore.ts, src/score/estimateImport.ts, src/ui/assignSheet.ts, src/ui/screens/ChordChartScreen.ts, ..., dynamic import will not move module into another chunk.

[plugin builtin:vite-reporter] 
(!) Some chunks are larger than 500 kB after minification. Consider:
- Using dynamic import() to code-split the application
- Use build.rolldownOptions.output.codeSplitting to improve chunking: https://rolldown.rs/reference/OutputOptions.codeSplitting
- Adjust chunk size limit for this warning via build.chunkSizeWarningLimit.
[33m[INEFFECTIVE_DYNAMIC_IMPORT] [0msrc/data/planStore.ts is dynamically imported by src/data/evidenceJob.ts but also statically imported by src/data/backup.ts, src/data/rungStates.ts, src/ui/screens/DrillScreen.ts, src/ui/screens/LessonScreen.ts, src/ui/screens/PlanScreen.ts, ..., dynamic import will not move module into another chunk.

[33m[INEFFECTIVE_DYNAMIC_IMPORT] [0msrc/data/evidenceJob.ts is dynamically imported by src/main.ts but also statically imported by src/ui/screens/SettingsScreen.ts, dynamic import will not move module into another chunk.

✓ built in 2.34s

PWA v1.3.0
mode      generateSW
precache  2224 entries (27855.48 KiB)
files generated
  dist/sw.js
  dist/workbox-9c191d2f.js
