[WebServer] (node:47012) Warning: The 'NO_COLOR' env is ignored due to the 'FORCE_COLOR' env being set.
[WebServer] (Use `node --trace-warnings ...` to show where the warning was created)
[WebServer] [INEFFECTIVE_DYNAMIC_IMPORT] src/curriculum/load.ts is dynamically imported by src/data/evidenceJob.ts but also statically imported by src/curriculum/tips.ts, src/data/planStore.ts, src/score/estimateImport.ts, src/ui/assignSheet.ts, src/ui/screens/ChordChartScreen.ts, ..., dynamic import will not move module into another chunk.
[WebServer] 
[WebServer] [plugin builtin:vite-reporter] 
[WebServer] (!) Some chunks are larger than 500 kB after minification. Consider:
[WebServer] - Using dynamic import() to code-split the application
[WebServer] - Use build.rolldownOptions.output.codeSplitting to improve chunking: https://rolldown.rs/reference/OutputOptions.codeSplitting
[WebServer] - Adjust chunk size limit for this warning via build.chunkSizeWarningLimit.
[WebServer] [INEFFECTIVE_DYNAMIC_IMPORT] src/data/planStore.ts is dynamically imported by src/data/evidenceJob.ts but also statically imported by src/data/backup.ts, src/data/rungStates.ts, src/ui/screens/DrillScreen.ts, src/ui/screens/LessonScreen.ts, src/ui/screens/PlanScreen.ts, ..., dynamic import will not move module into another chunk.
[WebServer] 
[WebServer] [INEFFECTIVE_DYNAMIC_IMPORT] src/score/extractScoreModel.ts is dynamically imported by src/data/evidenceJob.ts, src/score/estimateImport.ts but also statically imported by src/demands/detect.ts, src/score/OsmdView.ts, dynamic import will not move module into another chunk.
[WebServer] 
[WebServer] [INEFFECTIVE_DYNAMIC_IMPORT] src/evidence/vocabulary.ts is dynamically imported by src/data/evidenceJob.ts but also statically imported by src/curriculum/session.ts, src/data/rungStates.ts, src/ui/help.ts, src/ui/screens/LessonScreen.ts, src/ui/screens/ProgressScreen.ts, ..., dynamic import will not move module into another chunk.
[WebServer] 
[WebServer] [INEFFECTIVE_DYNAMIC_IMPORT] src/data/evidenceJob.ts is dynamically imported by src/main.ts but also statically imported by src/ui/screens/SettingsScreen.ts, dynamic import will not move module into another chunk.
[WebServer] 
[WebServer] (node:48712) Warning: The 'NO_COLOR' env is ignored due to the 'FORCE_COLOR' env being set.
[WebServer] (Use `node --trace-warnings ...` to show where the warning was created)

Running 3 tests using 1 worker

(node:49144) Warning: The 'NO_COLOR' env is ignored due to the 'FORCE_COLOR' env being set.
(Use `node --trace-warnings ...` to show where the warning was created)
  ok 1 tests\e2e\zz-d0a-look.spec.ts:15:3 › look at exercise.ii-v-i.f-sharp (2.1s)
  ok 2 tests\e2e\zz-d0a-look.spec.ts:15:3 › look at exercise.tritone-sub.c (2.3s)
  ok 3 tests\e2e\zz-d0a-look.spec.ts:15:3 › look at exercise.arpeggio7.g-flat-dominant7.2oct.both (2.2s)

  3 passed (40.3s)
