{
 "raw_parts": [
  {
   "index": 1,
   "class": "PartStaff",
   "id": "P1-Staff1",
   "name": "Piano",
   "clef": "TrebleClef",
   "measures": 12,
   "pitched": 12,
   "pitched_heads": 36,
   "unpitched": 0,
   "rests": 0
  },
  {
   "index": 2,
   "class": "PartStaff",
   "id": "P1-Staff2",
   "name": "Piano",
   "clef": "BassClef",
   "measures": 12,
   "pitched": 12,
   "pitched_heads": 12,
   "unpitched": 0,
   "rests": 0
  },
  {
   "index": 3,
   "class": "Part",
   "id": "Riff",
   "name": "Riff",
   "clef": "TrebleClef",
   "measures": 12,
   "pitched": 52,
   "pitched_heads": 57,
   "unpitched": 0,
   "rests": 6
  },
  {
   "index": 4,
   "class": "Part",
   "id": "Drumset",
   "name": "Drumset",
   "clef": "PercussionClef",
   "measures": 12,
   "pitched": 0,
   "pitched_heads": 0,
   "unpitched": 120,
   "rests": 48
  }
 ],
 "converted_parts": [
  {
   "index": 1,
   "class": "PartStaff",
   "id": "P1-Staff1",
   "name": "Piano",
   "clef": "TrebleClef",
   "measures": 12,
   "pitched": 64,
   "pitched_heads": 93,
   "unpitched": 120,
   "rests": 54
  },
  {
   "index": 2,
   "class": "PartStaff",
   "id": "P1-Staff2",
   "name": "Piano",
   "clef": "BassClef",
   "measures": 12,
   "pitched": 12,
   "pitched_heads": 12,
   "unpitched": 0,
   "rests": 0
  }
 ],
 "gate2": {
  "raw": 105,
  "converted": 105,
  "lost": 57,
  "gained": 57,
  "lost_by_staff": {
   "3": 57
  },
  "gained_by_staff": {
   "1": 57
  }
 },
 "staff_free": {
  "raw": 105,
  "converted": 105,
  "lost": [],
  "gained": []
 }
}
converted staff 1 roles {'riff': 57, 'voicing': 36, 'drum': 120} unmatched 0 []
converted staff 2 roles {'root': 12} unmatched 0 []
