raw sha256 69d5bb7ee0e3cd6ff1aed15863a4d6340538a50b0108661b7657bd0d1b877481
agreement: {"events_a": 249, "events_b": 249, "only_a": [0, []], "only_b": [0, []], "rests_a": 54, "rests_b": 54, "rests_only_a": [0, []], "rests_only_b": [0, []]}
claims agree: True
counts A {'voicing': 36, 'root': 12, 'riff': 57, 'drum': 144} B {'voicing': 36, 'root': 12, 'riff': 57, 'drum': 144}
bar  1: roots [('C2', '1', '4')] -> I; voicing ['Bb3', 'E4', 'G4'] pcs [4, 7, 10] over root ['3', '5', 'b7']
bar  2: roots [('C2', '1', '4')] -> I; voicing ['Bb3', 'E4', 'G4'] pcs [4, 7, 10] over root ['3', '5', 'b7']
bar  3: roots [('C2', '1', '4')] -> I; voicing ['Bb3', 'E4', 'G4'] pcs [4, 7, 10] over root ['3', '5', 'b7']
bar  4: roots [('C2', '1', '4')] -> I; voicing ['Bb3', 'E4', 'G4'] pcs [4, 7, 10] over root ['3', '5', 'b7']
bar  5: roots [('F2', '1', '4')] -> IV; voicing ['Eb4', 'A4', 'C5'] pcs [0, 3, 9] over root ['3', '5', 'b7']
bar  6: roots [('F2', '1', '4')] -> IV; voicing ['Eb4', 'A4', 'C5'] pcs [0, 3, 9] over root ['3', '5', 'b7']
bar  7: roots [('C2', '1', '4')] -> I; voicing ['Bb3', 'E4', 'G4'] pcs [4, 7, 10] over root ['3', '5', 'b7']
bar  8: roots [('C2', '1', '4')] -> I; voicing ['Bb3', 'E4', 'G4'] pcs [4, 7, 10] over root ['3', '5', 'b7']
bar  9: roots [('G2', '1', '4')] -> V; voicing ['F4', 'B4', 'D5'] pcs [2, 5, 11] over root ['3', '5', 'b7']
bar 10: roots [('F2', '1', '4')] -> IV; voicing ['Eb4', 'A4', 'C5'] pcs [0, 3, 9] over root ['3', '5', 'b7']
bar 11: roots [('C2', '1', '4')] -> I; voicing ['Bb3', 'E4', 'G4'] pcs [4, 7, 10] over root ['3', '5', 'b7']
bar 12: roots [('C2', '1', '4')] -> I; voicing ['Bb3', 'E4', 'G4'] pcs [4, 7, 10] over root ['3', '5', 'b7']
B and Bb:
   {'part': 'voicing', 'bar': 1, 'beat': '1', 'dur': '4', 'head': 'Bb3'}
   {'part': 'voicing', 'bar': 2, 'beat': '1', 'dur': '4', 'head': 'Bb3'}
   {'part': 'riff', 'bar': 3, 'beat': '2', 'dur': '1', 'head': 'B4'}
   {'part': 'riff', 'bar': 3, 'beat': '3', 'dur': '1', 'head': 'B4'}
   {'part': 'riff', 'bar': 3, 'beat': '4', 'dur': '1', 'head': 'B4'}
   {'part': 'voicing', 'bar': 3, 'beat': '1', 'dur': '4', 'head': 'Bb3'}
   {'part': 'riff', 'bar': 4, 'beat': '1', 'dur': '1', 'head': 'B4'}
   {'part': 'riff', 'bar': 4, 'beat': '2', 'dur': '1', 'head': 'B4'}
   {'part': 'riff', 'bar': 4, 'beat': '3', 'dur': '1', 'head': 'B4'}
   {'part': 'riff', 'bar': 4, 'beat': '4', 'dur': '1', 'head': 'B4'}
   {'part': 'voicing', 'bar': 4, 'beat': '1', 'dur': '4', 'head': 'Bb3'}
   {'part': 'riff', 'bar': 7, 'beat': '2', 'dur': '1', 'head': 'B4'}
   {'part': 'riff', 'bar': 7, 'beat': '3', 'dur': '1', 'head': 'B4'}
   {'part': 'riff', 'bar': 7, 'beat': '4', 'dur': '1', 'head': 'B4'}
   {'part': 'voicing', 'bar': 7, 'beat': '1', 'dur': '4', 'head': 'Bb3'}
   {'part': 'riff', 'bar': 8, 'beat': '1', 'dur': '1', 'head': 'B4'}
   {'part': 'riff', 'bar': 8, 'beat': '2', 'dur': '1', 'head': 'B4'}
   {'part': 'riff', 'bar': 8, 'beat': '3', 'dur': '1', 'head': 'B4'}
   {'part': 'riff', 'bar': 8, 'beat': '4', 'dur': '1', 'head': 'B4'}
   {'part': 'voicing', 'bar': 8, 'beat': '1', 'dur': '4', 'head': 'Bb3'}
   {'part': 'riff', 'bar': 9, 'beat': '2', 'dur': '1/2', 'head': 'Bb5'}
   {'part': 'voicing', 'bar': 9, 'beat': '1', 'dur': '4', 'head': 'B4'}
   {'part': 'riff', 'bar': 10, 'beat': '1', 'dur': '3/4', 'head': 'Bb4'}
   {'part': 'voicing', 'bar': 11, 'beat': '1', 'dur': '4', 'head': 'Bb3'}
   {'part': 'riff', 'bar': 12, 'beat': '1', 'dur': '1', 'head': 'B4'}
   {'part': 'riff', 'bar': 12, 'beat': '2', 'dur': '1', 'head': 'B4'}
   {'part': 'riff', 'bar': 12, 'beat': '3', 'dur': '1', 'head': 'B4'}
   {'part': 'riff', 'bar': 12, 'beat': '4', 'dur': '1', 'head': 'B4'}
   {'part': 'voicing', 'bar': 12, 'beat': '1', 'dur': '4', 'head': 'Bb3'}
riff bar 9: [('1', '3/4', 'C5', None), ('7/4', '1/4', 'C6', None), ('2', '1/2', 'Bb5', None), ('5/2', '1/2', 'G5', None), ('3', '1/2', 'F5', None), ('7/2', '3/4', 'G5', None), ('17/4', '1/4', 'Eb5', None), ('9/2', '1/2', 'F5', None)]
riff bar 10: [('1', '3/4', 'Bb4', None), ('7/4', '1/4', 'C5', None), ('2', '1/4', 'G5', None), ('5/2', '1/4', 'F5', None), ('11/4', '1/4', 'F5', None), ('3', '1/4', 'Eb5', None), ('7/2', '1/4', 'C4', None), ('7/2', '1/4', 'C5', None), ('15/4', '1/4', 'Eb4', None), ('15/4', '1/4', 'Eb5', None), ('4', '1/4', 'Eb4', None), ('4', '1/4', 'Eb5', None), ('9/2', '7/16', 'F4', None), ('9/2', '7/16', 'F5', None), ('79/16', '1/16', 'C4', None), ('79/16', '1/16', 'C5', None)]
