{
 "file": "app/public/content/scores/authored/exercise.blues.twelve-bar-shuffle.c.mxl",
 "sha256": "fe0a75dddbea64cacab84f3d6ecd4072f84351f3cf0ec7f73d7f74cb404df4cf",
 "catalog": {
  "id": "exercise.blues.twelve-bar-shuffle.c",
  "title": "Twelve-bar blues shuffle in C",
  "hands": "both",
  "tempoBpm": 88.0,
  "timeSig": null,
  "keySig": null,
  "file": "scores/authored/exercise.blues.twelve-bar-shuffle.c.mxl"
 },
 "provenance_identity": {
  "kind": "file",
  "sha256": "fe0a75dddbea64cacab84f3d6ecd4072f84351f3cf0ec7f73d7f74cb404df4cf"
 },
 "notation": {
  "chordCount": 12,
  "staves": 2,
  "voices": null
 }
}
1 ['C7'] {'1': {'1': [['C4', 'E4', 'G4', 'B-4'], ['C4', 'E4', 'G4', 'B-4']]}, '2': {'1': [['C2'], ['G2'], ['A2'], ['G2'], ['C2'], ['G2'], ['A2'], ['G2']]}}
2 ['C7'] {'1': {'1': [['C4', 'E4', 'G4', 'B-4'], ['C4', 'E4', 'G4', 'B-4']]}, '2': {'1': [['C2'], ['G2'], ['A2'], ['G2'], ['C2'], ['G2'], ['A2'], ['G2']]}}
3 ['C7'] {'1': {'1': [['C4', 'E4', 'G4', 'B-4'], ['C4', 'E4', 'G4', 'B-4']]}, '2': {'1': [['C2'], ['G2'], ['A2'], ['G2'], ['C2'], ['G2'], ['A2'], ['G2']]}}
4 ['C7'] {'1': {'1': [['C4', 'E4', 'G4', 'B-4'], ['C4', 'E4', 'G4', 'B-4']]}, '2': {'1': [['C2'], ['G2'], ['A2'], ['G2'], ['C2'], ['G2'], ['A2'], ['G2']]}}
5 ['F7'] {'1': {'1': [['F4', 'A4', 'C5', 'E-5'], ['F4', 'A4', 'C5', 'E-5']]}, '2': {'1': [['F2'], ['C3'], ['D3'], ['C3'], ['F2'], ['C3'], ['D3'], ['C3']]}}
6 ['F7'] {'1': {'1': [['F4', 'A4', 'C5', 'E-5'], ['F4', 'A4', 'C5', 'E-5']]}, '2': {'1': [['F2'], ['C3'], ['D3'], ['C3'], ['F2'], ['C3'], ['D3'], ['C3']]}}
7 ['C7'] {'1': {'1': [['C4', 'E4', 'G4', 'B-4'], ['C4', 'E4', 'G4', 'B-4']]}, '2': {'1': [['C2'], ['G2'], ['A2'], ['G2'], ['C2'], ['G2'], ['A2'], ['G2']]}}
8 ['C7'] {'1': {'1': [['C4', 'E4', 'G4', 'B-4'], ['C4', 'E4', 'G4', 'B-4']]}, '2': {'1': [['C2'], ['G2'], ['A2'], ['G2'], ['C2'], ['G2'], ['A2'], ['G2']]}}
9 ['G7'] {'1': {'1': [['G4', 'B4', 'D5', 'F5'], ['G4', 'B4', 'D5', 'F5']]}, '2': {'1': [['G2'], ['D3'], ['E3'], ['D3'], ['G2'], ['D3'], ['E3'], ['D3']]}}
10 ['F7'] {'1': {'1': [['F4', 'A4', 'C5', 'E-5'], ['F4', 'A4', 'C5', 'E-5']]}, '2': {'1': [['F2'], ['C3'], ['D3'], ['C3'], ['F2'], ['C3'], ['D3'], ['C3']]}}
11 ['C7'] {'1': {'1': [['C4', 'E4', 'G4', 'B-4'], ['C4', 'E4', 'G4', 'B-4']]}, '2': {'1': [['C2'], ['G2'], ['A2'], ['G2'], ['C2'], ['G2'], ['A2'], ['G2']]}}
12 ['G7'] {'1': {'1': [['G4', 'B4', 'D5', 'F5'], ['G4', 'B4', 'D5', 'F5']]}, '2': {'1': [['G2'], ['D3'], ['E3'], ['D3'], ['G2'], ['D3'], ['E3'], ['D3']]}}
