STATION 3: shellChord (the drill) against music21, figure x key
key  figure drill shell   m21 shell (1,3,7)   agree  romanToChord    m21 full      agree
c    iiø7   C-D-F         C-D-F               yes    C-D-F-Ab        C-D-F-Ab      yes
c    V7     F-G-B         F-G-B               yes    D-F-G-B         D-F-G-B       yes
c    i      C-E-B         C-Eb                NO     C-Eb-G          C-Eb-G        yes
g    iiø7   C-G-A         C-G-A               yes    C-Eb-G-A        C-Eb-G-A      yes
g    V7     C-D-Gb        C-D-Gb              yes    C-D-Gb-A        C-D-Gb-A      yes
g    i      Gb-G-B        G-Bb                NO     D-G-Bb          D-G-Bb        yes
d    iiø7   D-E-G         D-E-G               yes    D-E-G-Bb        D-E-G-Bb      yes
d    V7     Db-G-A        Db-G-A              yes    Db-E-G-A        Db-E-G-A      yes
d    i      Db-D-Gb       D-F                 NO     D-F-A           D-F-A         yes
f    iiø7   F-G-Bb        F-G-Bb              yes    Db-F-G-Bb       Db-F-G-Bb     yes
f    V7     C-E-Bb        C-E-Bb              yes    C-E-G-Bb        C-E-G-Bb      yes
f    i      E-F-A         F-Ab                NO     C-F-Ab          C-F-Ab        yes
a    iiø7   D-A-B         D-A-B               yes    D-F-A-B         D-F-A-B       yes
a    V7     D-E-Ab        D-E-Ab              yes    D-E-Ab-B        D-E-Ab-B      yes
a    i      Db-Ab-A       C-A                 NO     C-E-A           C-E-A         yes
disagreements: [('c', 'i', False, True), ('g', 'i', False, True), ('d', 'i', False, True), ('f', 'i', False, True), ('a', 'i', False, True)]

The tonic chords the ruling names, music21 ChordSymbol, and their root-3-6 / root-3-7 shells:
  Cm6   C-Eb-G-A
  Cm7   C-Eb-G-Bb
  Gm7   D-F-G-Bb
  Dm7   C-D-F-A
  Am7   C-E-G-A
  Fm7   C-Eb-F-Ab
  Gm6   D-E-G-Bb
  Dm6   D-F-A-B

STATION 4: the Lab's minor ii-V-I (romanToLabChord) against music21, nine minor keys
  f-minor    m21 key f   iiø7=Gø7(Db-F-G-Bb)  V7=C7(C-E-G-Bb)  i=Fm(C-F-Ab)
  c-minor    m21 key c   iiø7=Dø7(C-D-F-Ab)  V7=G7(D-F-G-B)  i=Cm(C-Eb-G)
  g-minor    m21 key g   iiø7=Aø7(C-Eb-G-A)  V7=D7(C-D-Gb-A)  i=Gm(D-G-Bb)
  d-minor    m21 key d   iiø7=Eø7(D-E-G-Bb)  V7=A7(Db-E-G-A)  i=Dm(D-F-A)
  a-minor    m21 key a   iiø7=Bø7(D-F-A-B)  V7=E7(D-E-Ab-B)  i=Am(C-E-A)
  e-minor    m21 key e   iiø7=F♯ø7(C-E-Gb-A)  V7=B7(Eb-Gb-A-B)  i=Em(E-G-B)
  b-minor    m21 key b   iiø7=C♯ø7(Db-E-G-B)  V7=F♯7(Db-E-Gb-Bb)  i=Bm(D-Gb-B)
  fs-minor   m21 key f#  iiø7=G♯ø7(D-Gb-Ab-B)  V7=C♯7(Db-F-Ab-B)  i=F♯m(Db-Gb-A)
  cs-minor   m21 key c#  iiø7=D♯ø7(Db-Eb-Gb-A)  V7=G♯7(C-Eb-Gb-Ab)  i=C♯m(Db-E-Ab)
lab disagreements: []
