===== Qmdyj1mGLEBPPF13XMNXh6Z3ntb3vSMRK3hrbmSw3Bk6gs
analyse(raw): {"shape": "LEADSHEET", "n_parts": 1, "max_staves": 1, "total_staves": 1, "part_names": ["P1"], "parts": ["P1:'P1':staves=1:prog=0:piano=True"], "meters": ["4/4"], "harmony": 41, "bars": 24, "key": "fifths=-1", "tempo": []}
identity('st james infirmary'): ('TITLE_ONLY', 'no creator named')
raw: <harmony> 41, <measure 24, <part 1, <staves> 0, <metronome 0, sound tempo 0, <lyric 151, <unpitched 0, percussion clef 0, <words 0, <instrument-sound 0
  clefs [(b'G', b'2')]; part-names [b'P1']; instrument-sound []; credit-words ['St. James Infirmary', "Early 1900's"]; words []
  lyric syllables 151: When will I ev er stop moan in'? When will I ev er smile? My ba by went and left me, She'll be gone a long long while. I feel
converted: <harmony> 41, <measure 24, <part 1, <staves> 0, <metronome 0, sound tempo 1, <lyric 0, <unpitched 0, percussion clef 0, <words 1, <instrument-sound 0
  clefs [(b'G', b'2')]; part-names [b'Piano']; instrument-sound []; credit-words []; words []
  lyric syllables 0: 
round-trip (bar, staff, pitch): raw 237, converted 237, equal True
pitch span (midi): 41001-74001
===== QmYutJi8H9KmexPTGDuRXTzQNkqnu1Jk8ERW1gZiMs33ZG
analyse(raw): {"shape": "LEADSHEET", "n_parts": 1, "max_staves": 1, "total_staves": 1, "part_names": ["Piano"], "parts": ["P1:'Piano':staves=1:prog=0:piano=True"], "meters": ["4/4"], "harmony": 23, "bars": 28, "key": "fifths=4", "tempo": ["A", "loose Swing Blues", "B", "Gritty New orleans dirge, heavy triplet "]}
identity('st louis blues'): ('MATCH', "creator alias 'handy' found")
raw: <harmony> 23, <measure 28, <part 1, <staves> 0, <metronome 0, sound tempo 0, <lyric 0, <unpitched 0, percussion clef 0, <words 5, <instrument-sound 0
  clefs [(b'G', b'2')]; part-names [b'Piano']; instrument-sound []; credit-words ['St Louis Blues  (Berkman style)', 'AABA']; words ['A', 'loose Swing Blues', 'B', 'Gritty New orleans dirge, heavy triplet feel', 'D.C. al Fine']
  lyric syllables 0: 
converted: <harmony> 23, <measure 28, <part 1, <staves> 0, <metronome 0, sound tempo 1, <lyric 0, <unpitched 0, percussion clef 0, <words 6, <instrument-sound 0
  clefs [(b'G', b'2')]; part-names [b'Piano']; instrument-sound []; credit-words []; words ['A', 'loose Swing Blues', 'B', 'Gritty New orleans dirge, heavy triplet feel', 'D.C. al Fine']
  lyric syllables 0: 
round-trip (bar, staff, pitch): raw 173, converted 173, equal True
pitch span (midi): 44001-72001
