
 RUN  v5.0.0 <worktree>/app

node.exe : Not implemented: HTMLCanvasElement's getContext() method: without installing the canvas npm package
At line:1 char:1
+ & "C:\Program Files\nodejs/node.exe" "C:\Program Files\nodejs/node_mo ...
+ ~~~~~~~~~~~~~~~~~~~~~~~~~~~~~~~~~~~~~~~~~~~~~~~~~~~~~~~~~~~~~~~~~~~~~
    + CategoryInfo          : NotSpecified: (Not implemented...vas npm package:String) [], RemoteException
    + FullyQualifiedErrorId : NativeCommandError
 
Not implemented: HTMLCanvasElement's getContext() method: without installing the canvas npm package
Not implemented: HTMLCanvasElement's getContext() method: without installing the canvas npm package
Not implemented: HTMLCanvasElement's getContext() method: without installing the canvas npm package
Not implemented: HTMLCanvasElement's getContext() method: without installing the canvas npm package
Not implemented: HTMLCanvasElement's getContext() method: without installing the canvas npm package
Not implemented: HTMLCanvasElement's getContext() method: without installing the canvas npm package
Not implemented: HTMLCanvasElement's getContext() method: without installing the canvas npm package
Not implemented: HTMLCanvasElement's getContext() method: without installing the canvas npm package
Not implemented: HTMLCanvasElement's getContext() method: without installing the canvas npm package
Not implemented: HTMLCanvasElement's getContext() method: without installing the canvas npm package
Not implemented: HTMLCanvasElement's getContext() method: without installing the canvas npm package
Not implemented: HTMLCanvasElement's getContext() method: without installing the canvas npm package
Not implemented: HTMLCanvasElement's getContext() method: without installing the canvas npm package
Not implemented: HTMLCanvasElement's getContext() method: without installing the canvas npm package
Not implemented: HTMLCanvasElement's getContext() method: without installing the canvas npm package
Not implemented: HTMLCanvasElement's getContext() method: without installing the canvas npm package
Not implemented: HTMLCanvasElement's getContext() method: without installing the canvas npm package
Not implemented: HTMLCanvasElement's getContext() method: without installing the canvas npm package
Not implemented: HTMLCanvasElement's getContext() method: without installing the canvas npm package
Not implemented: HTMLCanvasElement's getContext() method: without installing the canvas npm package
Not implemented: HTMLCanvasElement's getContext() method: without installing the canvas npm package
Not implemented: HTMLCanvasElement's getContext() method: without installing the canvas npm package
Not implemented: HTMLCanvasElement's getContext() method: without installing the canvas npm package
Not implemented: HTMLCanvasElement's getContext() method: without installing the canvas npm package
Not implemented: HTMLCanvasElement's getContext() method: without installing the canvas npm package
Not implemented: HTMLCanvasElement's getContext() method: without installing the canvas npm package
Not implemented: HTMLCanvasElement's getContext() method: without installing the canvas npm package
Not implemented: HTMLCanvasElement's getContext() method: without installing the canvas npm package
Not implemented: HTMLCanvasElement's getContext() method: without installing the canvas npm package
Not implemented: HTMLCanvasElement's getContext() method: without installing the canvas npm package
Not implemented: HTMLCanvasElement's getContext() method: without installing the canvas npm package
Not implemented: HTMLCanvasElement's getContext() method: without installing the canvas npm package
Not implemented: HTMLCanvasElement's getContext() method: without installing the canvas npm package
Not implemented: HTMLCanvasElement's getContext() method: without installing the canvas npm package
Not implemented: HTMLCanvasElement's getContext() method: without installing the canvas npm package
Not implemented: HTMLCanvasElement's getContext() method: without installing the canvas npm package
Not implemented: HTMLCanvasElement's getContext() method: without installing the canvas npm package
Not implemented: HTMLCanvasElement's getContext() method: without installing the canvas npm package
Not implemented: HTMLCanvasElement's getContext() method: without installing the canvas npm package
Not implemented: HTMLCanvasElement's getContext() method: without installing the canvas npm package
Not implemented: HTMLCanvasElement's getContext() method: without installing the canvas npm package
Not implemented: HTMLCanvasElement's getContext() method: without installing the canvas npm package
Not implemented: HTMLCanvasElement's getContext() method: without installing the canvas npm package
Not implemented: HTMLCanvasElement's getContext() method: without installing the canvas npm package
Not implemented: HTMLCanvasElement's getContext() method: without installing the canvas npm package
Not implemented: HTMLCanvasElement's getContext() method: without installing the canvas npm package
Not implemented: HTMLCanvasElement's getContext() method: without installing the canvas npm package
Not implemented: HTMLCanvasElement's getContext() method: without installing the canvas npm package
Not implemented: HTMLCanvasElement's getContext() method: without installing the canvas npm package
Not implemented: HTMLCanvasElement's getContext() method: without installing the canvas npm package
Not implemented: HTMLCanvasElement's getContext() method: without installing the canvas npm package
Not implemented: HTMLCanvasElement's getContext() method: without installing the canvas npm package
Not implemented: HTMLCanvasElement's getContext() method: without installing the canvas npm package
Not implemented: HTMLCanvasElement's getContext() method: without installing the canvas npm package
Not implemented: HTMLCanvasElement's getContext() method: without installing the canvas npm package
Not implemented: HTMLCanvasElement's getContext() method: without installing the canvas npm package
Not implemented: HTMLCanvasElement's getContext() method: without installing the canvas npm package
Not implemented: HTMLCanvasElement's getContext() method: without installing the canvas npm package
Not implemented: HTMLCanvasElement's getContext() method: without installing the canvas npm package
Not implemented: HTMLCanvasElement's getContext() method: without installing the canvas npm package
Not implemented: HTMLCanvasElement's getContext() method: without installing the canvas npm package
Not implemented: HTMLCanvasElement's getContext() method: without installing the canvas npm package
Not implemented: HTMLCanvasElement's getContext() method: without installing the canvas npm package
Not implemented: HTMLCanvasElement's getContext() method: without installing the canvas npm package
Not implemented: HTMLCanvasElement's getContext() method: without installing the canvas npm package
Not implemented: HTMLCanvasElement's getContext() method: without installing the canvas npm package
Not implemented: HTMLCanvasElement's getContext() method: without installing the canvas npm package
Not implemented: HTMLCanvasElement's getContext() method: without installing the canvas npm package
Not implemented: HTMLCanvasElement's getContext() method: without installing the canvas npm package
Not implemented: HTMLCanvasElement's getContext() method: without installing the canvas npm package
Not implemented: HTMLCanvasElement's getContext() method: without installing the canvas npm package
Not implemented: HTMLCanvasElement's getContext() method: without installing the canvas npm package
Not implemented: HTMLCanvasElement's getContext() method: without installing the canvas npm package
Not implemented: HTMLCanvasElement's getContext() method: without installing the canvas npm package
Not implemented: HTMLCanvasElement's getContext() method: without installing the canvas npm package
Not implemented: HTMLCanvasElement's getContext() method: without installing the canvas npm package
Not implemented: HTMLCanvasElement's getContext() method: without installing the canvas npm package
Not implemented: HTMLCanvasElement's getContext() method: without installing the canvas npm package
Not implemented: HTMLCanvasElement's getContext() method: without installing the canvas npm package
Not implemented: HTMLCanvasElement's getContext() method: without installing the canvas npm package
Not implemented: HTMLCanvasElement's getContext() method: without installing the canvas npm package
Not implemented: HTMLCanvasElement's getContext() method: without installing the canvas npm package
Not implemented: HTMLCanvasElement's getContext() method: without installing the canvas npm package
Not implemented: HTMLCanvasElement's getContext() method: without installing the canvas npm package
Not implemented: HTMLCanvasElement's getContext() method: without installing the canvas npm package
Not implemented: HTMLCanvasElement's getContext() method: without installing the canvas npm package
Not implemented: HTMLCanvasElement's getContext() method: without installing the canvas npm package
Not implemented: HTMLCanvasElement's getContext() method: without installing the canvas npm package
Not implemented: HTMLCanvasElement's getContext() method: without installing the canvas npm package
Not implemented: HTMLCanvasElement's getContext() method: without installing the canvas npm package
Not implemented: HTMLCanvasElement's getContext() method: without installing the canvas npm package
Not implemented: HTMLCanvasElement's getContext() method: without installing the canvas npm package
Not implemented: HTMLCanvasElement's getContext() method: without installing the canvas npm package
Not implemented: HTMLCanvasElement's getContext() method: without installing the canvas npm package
Not implemented: HTMLCanvasElement's getContext() method: without installing the canvas npm package
Not implemented: HTMLCanvasElement's getContext() method: without installing the canvas npm package
Not implemented: HTMLCanvasElement's getContext() method: without installing the canvas npm package
Not implemented: HTMLCanvasElement's getContext() method: without installing the canvas npm package
Not implemented: HTMLCanvasElement's getContext() method: without installing the canvas npm package
Not implemented: HTMLCanvasElement's getContext() method: without installing the canvas npm package
Not implemented: HTMLCanvasElement's getContext() method: without installing the canvas npm package
Not implemented: HTMLCanvasElement's getContext() method: without installing the canvas npm package
Not implemented: HTMLCanvasElement's getContext() method: without installing the canvas npm package
Not implemented: HTMLCanvasElement's getContext() method: without installing the canvas npm package
Not implemented: HTMLCanvasElement's getContext() method: without installing the canvas npm package
Not implemented: HTMLCanvasElement's getContext() method: without installing the canvas npm package
Not implemented: HTMLCanvasElement's getContext() method: without installing the canvas npm package
Not implemented: HTMLCanvasElement's getContext() method: without installing the canvas npm package
Not implemented: HTMLCanvasElement's getContext() method: without installing the canvas npm package
Not implemented: HTMLCanvasElement's getContext() method: without installing the canvas npm package
Not implemented: HTMLCanvasElement's getContext() method: without installing the canvas npm package
Not implemented: HTMLCanvasElement's getContext() method: without installing the canvas npm package
Not implemented: HTMLCanvasElement's getContext() method: without installing the canvas npm package
Not implemented: HTMLCanvasElement's getContext() method: without installing the canvas npm package
Not implemented: HTMLCanvasElement's getContext() method: without installing the canvas npm package
Not implemented: HTMLCanvasElement's getContext() method: without installing the canvas npm package
Not implemented: HTMLCanvasElement's getContext() method: without installing the canvas npm package
Not implemented: HTMLCanvasElement's getContext() method: without installing the canvas npm package
Not implemented: HTMLCanvasElement's getContext() method: without installing the canvas npm package
Not implemented: HTMLCanvasElement's getContext() method: without installing the canvas npm package
Not implemented: HTMLCanvasElement's getContext() method: without installing the canvas npm package
Not implemented: HTMLCanvasElement's getContext() method: without installing the canvas npm package
Not implemented: HTMLCanvasElement's getContext() method: without installing the canvas npm package
Not implemented: HTMLCanvasElement's getContext() method: without installing the canvas npm package
Not implemented: HTMLCanvasElement's getContext() method: without installing the canvas npm package
Not implemented: HTMLCanvasElement's getContext() method: without installing the canvas npm package
Not implemented: HTMLCanvasElement's getContext() method: without installing the canvas npm package
Not implemented: HTMLCanvasElement's getContext() method: without installing the canvas npm package
Not implemented: HTMLCanvasElement's getContext() method: without installing the canvas npm package
Not implemented: HTMLCanvasElement's getContext() method: without installing the canvas npm package
Not implemented: HTMLCanvasElement's getContext() method: without installing the canvas npm package
Not implemented: HTMLCanvasElement's getContext() method: without installing the canvas npm package
Not implemented: HTMLCanvasElement's getContext() method: without installing the canvas npm package
Not implemented: HTMLCanvasElement's getContext() method: without installing the canvas npm package
Not implemented: HTMLCanvasElement's getContext() method: without installing the canvas npm package
Not implemented: HTMLCanvasElement's getContext() method: without installing the canvas npm package
Not implemented: HTMLCanvasElement's getContext() method: without installing the canvas npm package
Not implemented: HTMLCanvasElement's getContext() method: without installing the canvas npm package
Not implemented: HTMLCanvasElement's getContext() method: without installing the canvas npm package
Not implemented: HTMLCanvasElement's getContext() method: without installing the canvas npm package
Not implemented: HTMLCanvasElement's getContext() method: without installing the canvas npm package
Not implemented: HTMLCanvasElement's getContext() method: without installing the canvas npm package
Not implemented: HTMLCanvasElement's getContext() method: without installing the canvas npm package
Not implemented: HTMLCanvasElement's getContext() method: without installing the canvas npm package
Not implemented: HTMLCanvasElement's getContext() method: without installing the canvas npm package
Not implemented: HTMLCanvasElement's getContext() method: without installing the canvas npm package
Not implemented: HTMLCanvasElement's getContext() method: without installing the canvas npm package
Not implemented: HTMLCanvasElement's getContext() method: without installing the canvas npm package
Not implemented: HTMLCanvasElement's getContext() method: without installing the canvas npm package
Not implemented: HTMLCanvasElement's getContext() method: without installing the canvas npm package
Not implemented: HTMLCanvasElement's getContext() method: without installing the canvas npm package
Not implemented: HTMLCanvasElement's getContext() method: without installing the canvas npm package
Not implemented: HTMLCanvasElement's getContext() method: without installing the canvas npm package
Not implemented: HTMLCanvasElement's getContext() method: without installing the canvas npm package
Not implemented: HTMLCanvasElement's getContext() method: without installing the canvas npm package
Not implemented: HTMLCanvasElement's getContext() method: without installing the canvas npm package
Not implemented: HTMLCanvasElement's getContext() method: without installing the canvas npm package
Not implemented: HTMLCanvasElement's getContext() method: without installing the canvas npm package
Not implemented: HTMLCanvasElement's getContext() method: without installing the canvas npm package
Not implemented: HTMLCanvasElement's getContext() method: without installing the canvas npm package
Not implemented: HTMLCanvasElement's getContext() method: without installing the canvas npm package
Not implemented: HTMLCanvasElement's getContext() method: without installing the canvas npm package
Not implemented: HTMLCanvasElement's getContext() method: without installing the canvas npm package
Not implemented: HTMLCanvasElement's getContext() method: without installing the canvas npm package
Not implemented: HTMLCanvasElement's getContext() method: without installing the canvas npm package
Not implemented: HTMLCanvasElement's getContext() method: without installing the canvas npm package
Not implemented: HTMLCanvasElement's getContext() method: without installing the canvas npm package
Not implemented: HTMLCanvasElement's getContext() method: without installing the canvas npm package
Not implemented: HTMLCanvasElement's getContext() method: without installing the canvas npm package
Not implemented: HTMLCanvasElement's getContext() method: without installing the canvas npm package
Not implemented: HTMLCanvasElement's getContext() method: without installing the canvas npm package
Not implemented: HTMLCanvasElement's getContext() method: without installing the canvas npm package
Not implemented: HTMLCanvasElement's getContext() method: without installing the canvas npm package
Not implemented: HTMLCanvasElement's getContext() method: without installing the canvas npm package
Not implemented: HTMLCanvasElement's getContext() method: without installing the canvas npm package
Not implemented: HTMLCanvasElement's getContext() method: without installing the canvas npm package
Not implemented: HTMLCanvasElement's getContext() method: without installing the canvas npm package
Not implemented: HTMLCanvasElement's getContext() method: without installing the canvas npm package
Not implemented: HTMLCanvasElement's getContext() method: without installing the canvas npm package
Not implemented: HTMLCanvasElement's getContext() method: without installing the canvas npm package
Not implemented: HTMLCanvasElement's getContext() method: without installing the canvas npm package
Not implemented: HTMLCanvasElement's getContext() method: without installing the canvas npm package
Not implemented: HTMLCanvasElement's getContext() method: without installing the canvas npm package
Not implemented: HTMLCanvasElement's getContext() method: without installing the canvas npm package
Not implemented: HTMLCanvasElement's getContext() method: without installing the canvas npm package
Not implemented: HTMLCanvasElement's getContext() method: without installing the canvas npm package
Not implemented: HTMLCanvasElement's getContext() method: without installing the canvas npm package
Not implemented: HTMLCanvasElement's getContext() method: without installing the canvas npm package
Not implemented: HTMLCanvasElement's getContext() method: without installing the canvas npm package
Not implemented: HTMLCanvasElement's getContext() method: without installing the canvas npm package
Not implemented: HTMLCanvasElement's getContext() method: without installing the canvas npm package
Not implemented: HTMLCanvasElement's getContext() method: without installing the canvas npm package
Not implemented: HTMLCanvasElement's getContext() method: without installing the canvas npm package
Not implemented: HTMLCanvasElement's getContext() method: without installing the canvas npm package
Not implemented: HTMLCanvasElement's getContext() method: without installing the canvas npm package
Not implemented: HTMLCanvasElement's getContext() method: without installing the canvas npm package
Not implemented: HTMLCanvasElement's getContext() method: without installing the canvas npm package
Not implemented: HTMLCanvasElement's getContext() method: without installing the canvas npm package
Not implemented: HTMLCanvasElement's getContext() method: without installing the canvas npm package
Not implemented: HTMLCanvasElement's getContext() method: without installing the canvas npm package
Not implemented: HTMLCanvasElement's getContext() method: without installing the canvas npm package
Not implemented: HTMLCanvasElement's getContext() method: without installing the canvas npm package
Not implemented: HTMLCanvasElement's getContext() method: without installing the canvas npm package
Not implemented: HTMLCanvasElement's getContext() method: without installing the canvas npm package
Not implemented: HTMLCanvasElement's getContext() method: without installing the canvas npm package
Not implemented: HTMLCanvasElement's getContext() method: without installing the canvas npm package
Not implemented: HTMLCanvasElement's getContext() method: without installing the canvas npm package
Not implemented: HTMLCanvasElement's getContext() method: without installing the canvas npm package
Not implemented: HTMLCanvasElement's getContext() method: without installing the canvas npm package
Not implemented: HTMLCanvasElement's getContext() method: without installing the canvas npm package
Not implemented: HTMLCanvasElement's getContext() method: without installing the canvas npm package
Not implemented: HTMLCanvasElement's getContext() method: without installing the canvas npm package
Not implemented: HTMLCanvasElement's getContext() method: without installing the canvas npm package
Not implemented: HTMLCanvasElement's getContext() method: without installing the canvas npm package
Not implemented: HTMLCanvasElement's getContext() method: without installing the canvas npm package
Not implemented: HTMLCanvasElement's getContext() method: without installing the canvas npm package
Not implemented: HTMLCanvasElement's getContext() method: without installing the canvas npm package
Not implemented: HTMLCanvasElement's getContext() method: without installing the canvas npm package
Not implemented: HTMLCanvasElement's getContext() method: without installing the canvas npm package
Not implemented: HTMLCanvasElement's getContext() method: without installing the canvas npm package
Not implemented: HTMLCanvasElement's getContext() method: without installing the canvas npm package
Not implemented: HTMLCanvasElement's getContext() method: without installing the canvas npm package
Not implemented: HTMLCanvasElement's getContext() method: without installing the canvas npm package
Not implemented: HTMLCanvasElement's getContext() method: without installing the canvas npm package
Not implemented: HTMLCanvasElement's getContext() method: without installing the canvas npm package
Not implemented: HTMLCanvasElement's getContext() method: without installing the canvas npm package
Not implemented: HTMLCanvasElement's getContext() method: without installing the canvas npm package
Not implemented: HTMLCanvasElement's getContext() method: without installing the canvas npm package
Not implemented: HTMLCanvasElement's getContext() method: without installing the canvas npm package
Not implemented: HTMLCanvasElement's getContext() method: without installing the canvas npm package
Not implemented: HTMLCanvasElement's getContext() method: without installing the canvas npm package
Not implemented: HTMLCanvasElement's getContext() method: without installing the canvas npm package
Not implemented: HTMLCanvasElement's getContext() method: without installing the canvas npm package
Not implemented: HTMLCanvasElement's getContext() method: without installing the canvas npm package
Not implemented: HTMLCanvasElement's getContext() method: without installing the canvas npm package
Not implemented: HTMLCanvasElement's getContext() method: without installing the canvas npm package
Not implemented: HTMLCanvasElement's getContext() method: without installing the canvas npm package
Not implemented: HTMLCanvasElement's getContext() method: without installing the canvas npm package
Not implemented: HTMLCanvasElement's getContext() method: without installing the canvas npm package
Not implemented: HTMLCanvasElement's getContext() method: without installing the canvas npm package
Not implemented: HTMLCanvasElement's getContext() method: without installing the canvas npm package
Not implemented: HTMLCanvasElement's getContext() method: without installing the canvas npm package
Not implemented: HTMLCanvasElement's getContext() method: without installing the canvas npm package
Not implemented: HTMLCanvasElement's getContext() method: without installing the canvas npm package
Not implemented: HTMLCanvasElement's getContext() method: without installing the canvas npm package
Not implemented: HTMLCanvasElement's getContext() method: without installing the canvas npm package
Not implemented: HTMLCanvasElement's getContext() method: without installing the canvas npm package
Not implemented: HTMLCanvasElement's getContext() method: without installing the canvas npm package
Not implemented: HTMLCanvasElement's getContext() method: without installing the canvas npm package
Not implemented: HTMLCanvasElement's getContext() method: without installing the canvas npm package

 Test Files  2 passed (2)
      Tests  25 passed (25)
   Start at  01:48:12
   Duration  4.60s (tests 50%, environment 20%, import 15%, transform 14%)

