
 RUN  v5.0.0 <worktree>/app

 ❯ tests/unit/taughtByAncestry.test.ts (29 tests | 5 failed) 33ms
   ❯ the core teaches the leap at 2.1 and the note outside the key at 3.3 (F2a) (5)
     × the leap: untaught at 1.5, which only introduces it, and on holiday, whose path leaves the core there; taught from 2.1 5ms
     × the note outside the key: untaught at 3.1, which only introduces it, at 3.2 and on blues.3; taught from 3.3 1ms
     × a later option carrying the demand: 2.1 and 3.3 teach it themselves, 1.5 and 3.1 teach it no more 1ms
     × the reading hold follows it: row 2 opened from 1.5 holds its leaps out and from 2.1 writes them; row 4 opened from 3.1 holds its accidentals out and from 3.3 writes them 1ms
     × the practice track walks its own rungs (F2a item 3): each stands on the one before, and no other rung stands on one 0ms
node.exe : 
At line:1 char:1
+ & "C:\Program Files\nodejs/node.exe" "C:\Program Files\nodejs/node_mo ...
+ ~~~~~~~~~~~~~~~~~~~~~~~~~~~~~~~~~~~~~~~~~~~~~~~~~~~~~~~~~~~~~~~~~~~~~
    + CategoryInfo          : NotSpecified: (:String) [], RemoteException
    + FullyQualifiedErrorId : NativeCommandError
 
⎯⎯⎯⎯⎯⎯⎯ Failed Tests 5 ⎯⎯⎯⎯⎯⎯⎯

 FAIL  tests/unit/taughtByAncestry.test.ts > the core teaches the leap at 2.1 and the note outside the key at 3.3 
(F2a) > the leap: untaught at 1.5, which only introduces it, and on holiday, whose path leaves the core there; taught 
from 2.1
AssertionError: interval.leap at 1.5, which introduces it: expected true to be false // Object.is equality

- Expected
+ Received

- false
+ true

 ❯ tests/unit/taughtByAncestry.test.ts:513:72
    511|   it('the leap: untaught at 1.5, which only introduces it, and on holi…
    512|     expect(taught('1.4', LEAP), `${LEAP} at 1.4 (holding already)`).to…
    513|     expect(taught('1.5', LEAP), `${LEAP} at 1.5, which introduces it`)…
       |                                                                        ^
    514|     expect(taught('holiday', LEAP), `${LEAP} at holiday, whose path le…
    515|     expect(taught('2.1', LEAP), `${LEAP} at 2.1, the core's teaching r…

⎯⎯⎯⎯⎯⎯⎯⎯⎯⎯⎯⎯⎯⎯⎯⎯⎯⎯⎯⎯⎯⎯⎯⎯[1/5]⎯

 FAIL  tests/unit/taughtByAncestry.test.ts > the core teaches the leap at 2.1 and the note outside the key at 3.3 
(F2a) > the note outside the key: untaught at 3.1, which only introduces it, at 3.2 and on blues.3; taught from 3.3
AssertionError: pitch.chromatic at 3.1, which introduces accidentals: expected true to be false // Object.is equality

- Expected
+ Received

- false
+ true

 ❯ tests/unit/taughtByAncestry.test.ts:520:91
    518|
    519|   it('the note outside the key: untaught at 3.1, which only introduces…
    520|     expect(taught('3.1', CHROMATIC), `${CHROMATIC} at 3.1, which intro…
       |                                                                                           ^
    521|     expect(taught('3.2', CHROMATIC), `${CHROMATIC} at 3.2`).toBe(false…
    522|     expect(taught('blues.3', CHROMATIC), `${CHROMATIC} at blues.3, who…

⎯⎯⎯⎯⎯⎯⎯⎯⎯⎯⎯⎯⎯⎯⎯⎯⎯⎯⎯⎯⎯⎯⎯⎯[2/5]⎯

 FAIL  tests/unit/taughtByAncestry.test.ts > the core teaches the leap at 2.1 and the note outside the key at 3.3 
(F2a) > a later option carrying the demand: 2.1 and 3.3 teach it themselves, 1.5 and 3.1 teach it no more
AssertionError: interval.leap: 1.5 introduces it, it teaches nothing of it: expected [ 'interval.leap' ] to deeply 
equal []

- Expected
+ Received

- []
+ [
+   "interval.leap",
+ ]

 ❯ tests/unit/taughtByAncestry.test.ts:531:102
    529|     const leaping = song('song.leaps', LEAP);
    530|     const outside = song('song.outside', CHROMATIC);
    531|     expect(targetDemandsFor(leaping, '1.5'), `${LEAP}: 1.5 introduces …
       |                                                                                                      ^
    532|     expect(targetDemandsFor(leaping, '2.1'), `${LEAP} is among what 2.…
    533|     expect(targetDemandsFor(outside, '3.1'), `${CHROMATIC}: 3.1 introd…

⎯⎯⎯⎯⎯⎯⎯⎯⎯⎯⎯⎯⎯⎯⎯⎯⎯⎯⎯⎯⎯⎯⎯⎯[3/5]⎯

 FAIL  tests/unit/taughtByAncestry.test.ts > the core teaches the leap at 2.1 and the note outside the key at 3.3 
(F2a) > the reading hold follows it: row 2 opened from 1.5 holds its leaps out and from 2.1 writes them; row 4 opened 
from 3.1 holds its accidentals out and from 3.3 writes them
AssertionError: row 2 opened from 1.5: interval.leap not held out: expected undefined to be false // Object.is equality

- Expected:
false

+ Received:
undefined

 ❯ tests/unit/taughtByAncestry.test.ts:542:111
    540|     const leaps = READING_CONTROLS[LEAP] as (typeof READING_CONTROLS)[…
    541|     const accidentals = READING_CONTROLS[CHROMATIC] as (typeof READING…
    542|     expect(held('drill.reading.sight-reading-2', '1.5').leaps, `row 2 …
       |                                                                                                               
^
    543|     expect(leaps.mayWrite(held('drill.reading.sight-reading-2', '2.1')…
    544|     expect(accidentals.mayWrite(held('drill.reading.sight-reading-4', …

⎯⎯⎯⎯⎯⎯⎯⎯⎯⎯⎯⎯⎯⎯⎯⎯⎯⎯⎯⎯⎯⎯⎯⎯[4/5]⎯

 FAIL  tests/unit/taughtByAncestry.test.ts > the core teaches the leap at 2.1 and the note outside the key at 3.3 
(F2a) > the practice track walks its own rungs (F2a item 3): each stands on the one before, and no other rung stands 
on one
AssertionError: practice.2 stands on practice.1: expected false to be true // Object.is equality

- Expected
+ Received

- true
+ false

 ❯ tests/unit/taughtByAncestry.test.ts:552:141
    550|     for (let n = 2; n <= 5; n += 1) {
    551|       const members = ancestry?.get(`practice.${String(n)}`);
    552|       for (let k = 1; k < n; k += 1) expect(members?.has(`practice.${S…
       |                                                                                                               
                              ^
    553|     }
    554|     const outside = [...(ancestry?.entries() ?? [])]

⎯⎯⎯⎯⎯⎯⎯⎯⎯⎯⎯⎯⎯⎯⎯⎯⎯⎯⎯⎯⎯⎯⎯⎯[5/5]⎯


 Test Files  1 failed (1)
      Tests  5 failed | 24 passed (29)
   Start at  01:33:22
   Duration  928ms (transform 66%, import 26%, tests 6%, worker 3%)

