F.F..F..FFFFFF.
======================================================================
FAIL: test_accidentals_are_introduced_at_3_1_and_taught_where_3_3_s_options_establish_them (tests.test_measured_truth.TestPlacementReconciled.test_accidentals_are_introduced_at_3_1_and_taught_where_3_3_s_options_establish_them)
F2a: no option on 3.1 establishes a note outside the key (its songs are in G and F with none), so
----------------------------------------------------------------------
Traceback (most recent call last):
  File "<worktree>\tools\content\tests\test_measured_truth.py", line 998, in test_accidentals_are_introduced_at_3_1_and_taught_where_3_3_s_options_establish_them
    self.assertNotIn(("demand", "pitch.chromatic"), claims, "3.1 claims no note outside the key")
AssertionError: ('demand', 'pitch.chromatic') unexpectedly found in {('skill', 'key-signature'): {'kind': 'skill', 'id': 'key-signature', 'from': 'concept', 'established': 2, 'measurable': 11}, ('demand', 'key.signature'): {'kind': 'demand', 'id': 'key.signature', 'from': 'taughtAt', 'established': 2, 'measurable': 11}, ('demand', 'pitch.chromatic'): {'kind': 'demand', 'id': 'pitch.chromatic', 'from': 'taughtAt', 'established': 0, 'measurable': 11}} : 3.1 claims no note outside the key

======================================================================
FAIL: test_every_claim_no_option_keeps_is_accounted_for (tests.test_measured_truth.TestPlacementReconciled.test_every_claim_no_option_keeps_is_accounted_for)
----------------------------------------------------------------------
Traceback (most recent call last):
  File "<worktree>\tools\content\tests\test_measured_truth.py", line 901, in test_every_claim_no_option_keeps_is_accounted_for
    self.assertEqual(kept_by_none, deferred | self.HAND_READINGS,
AssertionError: Items in the first set but not the second:
('1.5', 'interval.leap')
('3.1', 'pitch.chromatic') : a rung claim no option keeps must be introduced or deferred with its reason

======================================================================
FAIL: test_the_leap_is_introduced_at_1_5_and_taught_where_2_1_s_options_establish_it (tests.test_measured_truth.TestPlacementReconciled.test_the_leap_is_introduced_at_1_5_and_taught_where_2_1_s_options_establish_it)
F2a (Entry 117; the reviewer's required change, `responses/b41e19e.md`): no option on 1.5
----------------------------------------------------------------------
Traceback (most recent call last):
  File "<worktree>\tools\content\tests\test_measured_truth.py", line 984, in test_the_leap_is_introduced_at_1_5_and_taught_where_2_1_s_options_establish_it
    self.assertNotIn(("demand", "interval.leap"), claims, "1.5 claims no leap")
AssertionError: ('demand', 'interval.leap') unexpectedly found in {('skill', 'interval-reading'): {'kind': 'skill', 'id': 'interval-reading', 'from': 'requirement', 'established': 9, 'measurable': 9}, ('demand', 'interval.step'): {'kind': 'demand', 'id': 'interval.step', 'from': 'concept steps', 'established': 9, 'measurable': 9}, ('demand', 'interval.skip'): {'kind': 'demand', 'id': 'interval.skip', 'from': 'concept skips', 'established': 6, 'measurable': 9}, ('demand', 'interval.leap'): {'kind': 'demand', 'id': 'interval.leap', 'from': 'taughtAt', 'established': 0, 'measurable': 9}} : 1.5 claims no leap

======================================================================
FAIL: test_the_practice_track_walks_its_own_rungs_and_keeps_its_floor (tests.test_measured_truth.TestPlacementReconciled.test_the_practice_track_walks_its_own_rungs_and_keeps_its_floor) (rung='practice.2')
F2a item 3, its track half: each practice rung after the first stands on the one before, so an
----------------------------------------------------------------------
Traceback (most recent call last):
  File "<worktree>\tools\content\tests\test_measured_truth.py", line 1020, in test_the_practice_track_walks_its_own_rungs_and_keeps_its_floor
    self.assertEqual(self.lessons[rung].get("prerequisites"), [f"practice.{n - 1}"])
AssertionError: None != ['practice.1']

======================================================================
FAIL: test_the_practice_track_walks_its_own_rungs_and_keeps_its_floor (tests.test_measured_truth.TestPlacementReconciled.test_the_practice_track_walks_its_own_rungs_and_keeps_its_floor) (rung='practice.3')
F2a item 3, its track half: each practice rung after the first stands on the one before, so an
----------------------------------------------------------------------
Traceback (most recent call last):
  File "<worktree>\tools\content\tests\test_measured_truth.py", line 1020, in test_the_practice_track_walks_its_own_rungs_and_keeps_its_floor
    self.assertEqual(self.lessons[rung].get("prerequisites"), [f"practice.{n - 1}"])
AssertionError: None != ['practice.2']

======================================================================
FAIL: test_the_practice_track_walks_its_own_rungs_and_keeps_its_floor (tests.test_measured_truth.TestPlacementReconciled.test_the_practice_track_walks_its_own_rungs_and_keeps_its_floor) (rung='practice.4')
F2a item 3, its track half: each practice rung after the first stands on the one before, so an
----------------------------------------------------------------------
Traceback (most recent call last):
  File "<worktree>\tools\content\tests\test_measured_truth.py", line 1020, in test_the_practice_track_walks_its_own_rungs_and_keeps_its_floor
    self.assertEqual(self.lessons[rung].get("prerequisites"), [f"practice.{n - 1}"])
AssertionError: None != ['practice.3']

======================================================================
FAIL: test_the_practice_track_walks_its_own_rungs_and_keeps_its_floor (tests.test_measured_truth.TestPlacementReconciled.test_the_practice_track_walks_its_own_rungs_and_keeps_its_floor) (rung='practice.5')
F2a item 3, its track half: each practice rung after the first stands on the one before, so an
----------------------------------------------------------------------
Traceback (most recent call last):
  File "<worktree>\tools\content\tests\test_measured_truth.py", line 1020, in test_the_practice_track_walks_its_own_rungs_and_keeps_its_floor
    self.assertEqual(self.lessons[rung].get("prerequisites"), [f"practice.{n - 1}"])
AssertionError: None != ['practice.4']

======================================================================
FAIL: test_the_practice_track_walks_its_own_rungs_and_keeps_its_floor (tests.test_measured_truth.TestPlacementReconciled.test_the_practice_track_walks_its_own_rungs_and_keeps_its_floor) (read_at='practice.2')
F2a item 3, its track half: each practice rung after the first stands on the one before, so an
----------------------------------------------------------------------
Traceback (most recent call last):
  File "<worktree>\tools\content\tests\test_measured_truth.py", line 1026, in test_the_practice_track_walks_its_own_rungs_and_keeps_its_floor
    self.assertEqual([i for i in items if rows[i]["earliest"]], [],
AssertionError: Lists differ: ['exercise.five-finger.c-major.right', 'ex[61 chars].rh'] != []

First list contains 3 additional elements.
First extra element 0:
'exercise.five-finger.c-major.right'

+ []
- ['exercise.five-finger.c-major.right',
-  'exercise.reading.steps-and-skips-c',
-  'song.classical.ode-to-joy.rh'] : practice.2: an option a practice rung it stands on lists is read there, not here

======================================================================
FAIL: test_the_practice_track_walks_its_own_rungs_and_keeps_its_floor (tests.test_measured_truth.TestPlacementReconciled.test_the_practice_track_walks_its_own_rungs_and_keeps_its_floor) (read_at='practice.4')
F2a item 3, its track half: each practice rung after the first stands on the one before, so an
----------------------------------------------------------------------
Traceback (most recent call last):
  File "<worktree>\tools\content\tests\test_measured_truth.py", line 1026, in test_the_practice_track_walks_its_own_rungs_and_keeps_its_floor
    self.assertEqual([i for i in items if rows[i]["earliest"]], [],
AssertionError: Lists differ: ['exercise.five-finger.c-major.both', 'exercise.five-finger.c-major.right'] != []

First list contains 2 additional elements.
First extra element 0:
'exercise.five-finger.c-major.both'

- ['exercise.five-finger.c-major.both', 'exercise.five-finger.c-major.right']
+ [] : practice.4: an option a practice rung it stands on lists is read there, not here

----------------------------------------------------------------------
Ran 10 tests in 0.296s

FAILED (failures=9)
