
 RUN  v5.0.0 <worktree>/app

node.exe : Not implemented: HTMLCanvasElement's getContext() method: without installing the canvas npm package
At line:1 char:1
+ & "C:\Program Files\nodejs/node.exe" "C:\Program Files\nodejs/node_mo ...
+ ~~~~~~~~~~~~~~~~~~~~~~~~~~~~~~~~~~~~~~~~~~~~~~~~~~~~~~~~~~~~~~~~~~~~~
    + CategoryInfo          : NotSpecified: (Not implemented...vas npm package:String) [], RemoteException
    + FullyQualifiedErrorId : NativeCommandError
 
Not implemented: HTMLCanvasElement's getContext() method: without installing the canvas npm package
Not implemented: HTMLCanvasElement's getContext() method: without installing the canvas npm package
Not implemented: HTMLCanvasElement's getContext() method: without installing the canvas npm package
Not implemented: HTMLCanvasElement's getContext() method: without installing the canvas npm package
Not implemented: HTMLCanvasElement's getContext() method: without installing the canvas npm package
Not implemented: HTMLCanvasElement's getContext() method: without installing the canvas npm package
Not implemented: HTMLCanvasElement's getContext() method: without installing the canvas npm package
Not implemented: HTMLCanvasElement's getContext() method: without installing the canvas npm package
Not implemented: HTMLCanvasElement's getContext() method: without installing the canvas npm package
Not implemented: HTMLCanvasElement's getContext() method: without installing the canvas npm package
Not implemented: HTMLCanvasElement's getContext() method: without installing the canvas npm package
Not implemented: HTMLCanvasElement's getContext() method: without installing the canvas npm package
Not implemented: HTMLCanvasElement's getContext() method: without installing the canvas npm package
Not implemented: HTMLCanvasElement's getContext() method: without installing the canvas npm package
Not implemented: HTMLCanvasElement's getContext() method: without installing the canvas npm package
Not implemented: HTMLCanvasElement's getContext() method: without installing the canvas npm package
Not implemented: HTMLCanvasElement's getContext() method: without installing the canvas npm package
Not implemented: HTMLCanvasElement's getContext() method: without installing the canvas npm package
Not implemented: HTMLCanvasElement's getContext() method: without installing the canvas npm package
Not implemented: HTMLCanvasElement's getContext() method: without installing the canvas npm package
Not implemented: HTMLCanvasElement's getContext() method: without installing the canvas npm package
Not implemented: HTMLCanvasElement's getContext() method: without installing the canvas npm package
Not implemented: HTMLCanvasElement's getContext() method: without installing the canvas npm package
Not implemented: HTMLCanvasElement's getContext() method: without installing the canvas npm package
Not implemented: HTMLCanvasElement's getContext() method: without installing the canvas npm package
Not implemented: HTMLCanvasElement's getContext() method: without installing the canvas npm package
Not implemented: HTMLCanvasElement's getContext() method: without installing the canvas npm package
Not implemented: HTMLCanvasElement's getContext() method: without installing the canvas npm package
Not implemented: HTMLCanvasElement's getContext() method: without installing the canvas npm package
Not implemented: HTMLCanvasElement's getContext() method: without installing the canvas npm package
Not implemented: HTMLCanvasElement's getContext() method: without installing the canvas npm package
Not implemented: HTMLCanvasElement's getContext() method: without installing the canvas npm package
Not implemented: HTMLCanvasElement's getContext() method: without installing the canvas npm package
Not implemented: HTMLCanvasElement's getContext() method: without installing the canvas npm package
Not implemented: HTMLCanvasElement's getContext() method: without installing the canvas npm package
Not implemented: HTMLCanvasElement's getContext() method: without installing the canvas npm package
Not implemented: HTMLCanvasElement's getContext() method: without installing the canvas npm package
Not implemented: HTMLCanvasElement's getContext() method: without installing the canvas npm package
Not implemented: HTMLCanvasElement's getContext() method: without installing the canvas npm package
Not implemented: HTMLCanvasElement's getContext() method: without installing the canvas npm package
Not implemented: HTMLCanvasElement's getContext() method: without installing the canvas npm package
Not implemented: HTMLCanvasElement's getContext() method: without installing the canvas npm package
Not implemented: HTMLCanvasElement's getContext() method: without installing the canvas npm package
Not implemented: HTMLCanvasElement's getContext() method: without installing the canvas npm package
Not implemented: HTMLCanvasElement's getContext() method: without installing the canvas npm package
Not implemented: HTMLCanvasElement's getContext() method: without installing the canvas npm package
Not implemented: HTMLCanvasElement's getContext() method: without installing the canvas npm package
Not implemented: HTMLCanvasElement's getContext() method: without installing the canvas npm package
Not implemented: HTMLCanvasElement's getContext() method: without installing the canvas npm package
Not implemented: HTMLCanvasElement's getContext() method: without installing the canvas npm package
Not implemented: HTMLCanvasElement's getContext() method: without installing the canvas npm package
Not implemented: HTMLCanvasElement's getContext() method: without installing the canvas npm package
Not implemented: HTMLCanvasElement's getContext() method: without installing the canvas npm package
Not implemented: HTMLCanvasElement's getContext() method: without installing the canvas npm package
Not implemented: HTMLCanvasElement's getContext() method: without installing the canvas npm package
Not implemented: HTMLCanvasElement's getContext() method: without installing the canvas npm package
Not implemented: HTMLCanvasElement's getContext() method: without installing the canvas npm package
Not implemented: HTMLCanvasElement's getContext() method: without installing the canvas npm package
Not implemented: HTMLCanvasElement's getContext() method: without installing the canvas npm package
Not implemented: HTMLCanvasElement's getContext() method: without installing the canvas npm package
Not implemented: HTMLCanvasElement's getContext() method: without installing the canvas npm package
Not implemented: HTMLCanvasElement's getContext() method: without installing the canvas npm package
Not implemented: HTMLCanvasElement's getContext() method: without installing the canvas npm package
Not implemented: HTMLCanvasElement's getContext() method: without installing the canvas npm package
Not implemented: HTMLCanvasElement's getContext() method: without installing the canvas npm package
Not implemented: HTMLCanvasElement's getContext() method: without installing the canvas npm package
Not implemented: HTMLCanvasElement's getContext() method: without installing the canvas npm package
Not implemented: HTMLCanvasElement's getContext() method: without installing the canvas npm package
Not implemented: HTMLCanvasElement's getContext() method: without installing the canvas npm package
Not implemented: HTMLCanvasElement's getContext() method: without installing the canvas npm package
Not implemented: HTMLCanvasElement's getContext() method: without installing the canvas npm package
Not implemented: HTMLCanvasElement's getContext() method: without installing the canvas npm package
Not implemented: HTMLCanvasElement's getContext() method: without installing the canvas npm package
Not implemented: HTMLCanvasElement's getContext() method: without installing the canvas npm package
Not implemented: HTMLCanvasElement's getContext() method: without installing the canvas npm package
Not implemented: HTMLCanvasElement's getContext() method: without installing the canvas npm package
Not implemented: HTMLCanvasElement's getContext() method: without installing the canvas npm package
Not implemented: HTMLCanvasElement's getContext() method: without installing the canvas npm package
Not implemented: HTMLCanvasElement's getContext() method: without installing the canvas npm package
Not implemented: HTMLCanvasElement's getContext() method: without installing the canvas npm package
Not implemented: HTMLCanvasElement's getContext() method: without installing the canvas npm package
Not implemented: HTMLCanvasElement's getContext() method: without installing the canvas npm package
Not implemented: HTMLCanvasElement's getContext() method: without installing the canvas npm package
Not implemented: HTMLCanvasElement's getContext() method: without installing the canvas npm package
Not implemented: HTMLCanvasElement's getContext() method: without installing the canvas npm package
Not implemented: HTMLCanvasElement's getContext() method: without installing the canvas npm package
Not implemented: HTMLCanvasElement's getContext() method: without installing the canvas npm package
Not implemented: HTMLCanvasElement's getContext() method: without installing the canvas npm package
Not implemented: HTMLCanvasElement's getContext() method: without installing the canvas npm package
Not implemented: HTMLCanvasElement's getContext() method: without installing the canvas npm package
Not implemented: HTMLCanvasElement's getContext() method: without installing the canvas npm package
Not implemented: HTMLCanvasElement's getContext() method: without installing the canvas npm package
Not implemented: HTMLCanvasElement's getContext() method: without installing the canvas npm package
Not implemented: HTMLCanvasElement's getContext() method: without installing the canvas npm package
Not implemented: HTMLCanvasElement's getContext() method: without installing the canvas npm package
Not implemented: HTMLCanvasElement's getContext() method: without installing the canvas npm package
Not implemented: HTMLCanvasElement's getContext() method: without installing the canvas npm package
Not implemented: HTMLCanvasElement's getContext() method: without installing the canvas npm package
Not implemented: HTMLCanvasElement's getContext() method: without installing the canvas npm package
Not implemented: HTMLCanvasElement's getContext() method: without installing the canvas npm package
Not implemented: HTMLCanvasElement's getContext() method: without installing the canvas npm package
Not implemented: HTMLCanvasElement's getContext() method: without installing the canvas npm package
Not implemented: HTMLCanvasElement's getContext() method: without installing the canvas npm package
Not implemented: HTMLCanvasElement's getContext() method: without installing the canvas npm package
Not implemented: HTMLCanvasElement's getContext() method: without installing the canvas npm package
Not implemented: HTMLCanvasElement's getContext() method: without installing the canvas npm package
Not implemented: HTMLCanvasElement's getContext() method: without installing the canvas npm package
Not implemented: HTMLCanvasElement's getContext() method: without installing the canvas npm package
Not implemented: HTMLCanvasElement's getContext() method: without installing the canvas npm package
Not implemented: HTMLCanvasElement's getContext() method: without installing the canvas npm package
Not implemented: HTMLCanvasElement's getContext() method: without installing the canvas npm package
Not implemented: HTMLCanvasElement's getContext() method: without installing the canvas npm package
Not implemented: HTMLCanvasElement's getContext() method: without installing the canvas npm package
Not implemented: HTMLCanvasElement's getContext() method: without installing the canvas npm package
Not implemented: HTMLCanvasElement's getContext() method: without installing the canvas npm package
Not implemented: HTMLCanvasElement's getContext() method: without installing the canvas npm package
Not implemented: HTMLCanvasElement's getContext() method: without installing the canvas npm package
Not implemented: HTMLCanvasElement's getContext() method: without installing the canvas npm package
Not implemented: HTMLCanvasElement's getContext() method: without installing the canvas npm package
Not implemented: HTMLCanvasElement's getContext() method: without installing the canvas npm package
Not implemented: HTMLCanvasElement's getContext() method: without installing the canvas npm package
Not implemented: HTMLCanvasElement's getContext() method: without installing the canvas npm package
Not implemented: HTMLCanvasElement's getContext() method: without installing the canvas npm package
Not implemented: HTMLCanvasElement's getContext() method: without installing the canvas npm package
Not implemented: HTMLCanvasElement's getContext() method: without installing the canvas npm package
Not implemented: HTMLCanvasElement's getContext() method: without installing the canvas npm package
Not implemented: HTMLCanvasElement's getContext() method: without installing the canvas npm package
Not implemented: HTMLCanvasElement's getContext() method: without installing the canvas npm package
Not implemented: HTMLCanvasElement's getContext() method: without installing the canvas npm package
Not implemented: HTMLCanvasElement's getContext() method: without installing the canvas npm package
Not implemented: HTMLCanvasElement's getContext() method: without installing the canvas npm package
Not implemented: HTMLCanvasElement's getContext() method: without installing the canvas npm package
Not implemented: HTMLCanvasElement's getContext() method: without installing the canvas npm package
Not implemented: HTMLCanvasElement's getContext() method: without installing the canvas npm package
Not implemented: HTMLCanvasElement's getContext() method: without installing the canvas npm package
Not implemented: HTMLCanvasElement's getContext() method: without installing the canvas npm package
Not implemented: HTMLCanvasElement's getContext() method: without installing the canvas npm package
Not implemented: HTMLCanvasElement's getContext() method: without installing the canvas npm package
Not implemented: HTMLCanvasElement's getContext() method: without installing the canvas npm package
Not implemented: HTMLCanvasElement's getContext() method: without installing the canvas npm package
Not implemented: HTMLCanvasElement's getContext() method: without installing the canvas npm package
Not implemented: HTMLCanvasElement's getContext() method: without installing the canvas npm package
Not implemented: HTMLCanvasElement's getContext() method: without installing the canvas npm package
Not implemented: HTMLCanvasElement's getContext() method: without installing the canvas npm package
Not implemented: HTMLCanvasElement's getContext() method: without installing the canvas npm package
Not implemented: HTMLCanvasElement's getContext() method: without installing the canvas npm package
Not implemented: HTMLCanvasElement's getContext() method: without installing the canvas npm package
Not implemented: HTMLCanvasElement's getContext() method: without installing the canvas npm package
Not implemented: HTMLCanvasElement's getContext() method: without installing the canvas npm package
Not implemented: HTMLCanvasElement's getContext() method: without installing the canvas npm package
Not implemented: HTMLCanvasElement's getContext() method: without installing the canvas npm package
Not implemented: HTMLCanvasElement's getContext() method: without installing the canvas npm package
Not implemented: HTMLCanvasElement's getContext() method: without installing the canvas npm package
Not implemented: HTMLCanvasElement's getContext() method: without installing the canvas npm package
Not implemented: HTMLCanvasElement's getContext() method: without installing the canvas npm package
Not implemented: HTMLCanvasElement's getContext() method: without installing the canvas npm package
Not implemented: HTMLCanvasElement's getContext() method: without installing the canvas npm package
Not implemented: HTMLCanvasElement's getContext() method: without installing the canvas npm package
Not implemented: HTMLCanvasElement's getContext() method: without installing the canvas npm package
Not implemented: HTMLCanvasElement's getContext() method: without installing the canvas npm package
Not implemented: HTMLCanvasElement's getContext() method: without installing the canvas npm package
Not implemented: HTMLCanvasElement's getContext() method: without installing the canvas npm package
Not implemented: HTMLCanvasElement's getContext() method: without installing the canvas npm package
Not implemented: HTMLCanvasElement's getContext() method: without installing the canvas npm package
Not implemented: HTMLCanvasElement's getContext() method: without installing the canvas npm package
Not implemented: HTMLCanvasElement's getContext() method: without installing the canvas npm package
Not implemented: HTMLCanvasElement's getContext() method: without installing the canvas npm package
Not implemented: HTMLCanvasElement's getContext() method: without installing the canvas npm package
Not implemented: HTMLCanvasElement's getContext() method: without installing the canvas npm package
Not implemented: HTMLCanvasElement's getContext() method: without installing the canvas npm package
Not implemented: HTMLCanvasElement's getContext() method: without installing the canvas npm package
Not implemented: HTMLCanvasElement's getContext() method: without installing the canvas npm package
Not implemented: HTMLCanvasElement's getContext() method: without installing the canvas npm package
Not implemented: HTMLCanvasElement's getContext() method: without installing the canvas npm package
Not implemented: HTMLCanvasElement's getContext() method: without installing the canvas npm package
Not implemented: HTMLCanvasElement's getContext() method: without installing the canvas npm package
Not implemented: HTMLCanvasElement's getContext() method: without installing the canvas npm package
Not implemented: HTMLCanvasElement's getContext() method: without installing the canvas npm package
Not implemented: HTMLCanvasElement's getContext() method: without installing the canvas npm package
Not implemented: HTMLCanvasElement's getContext() method: without installing the canvas npm package
Not implemented: HTMLCanvasElement's getContext() method: without installing the canvas npm package
Not implemented: HTMLCanvasElement's getContext() method: without installing the canvas npm package
Not implemented: HTMLCanvasElement's getContext() method: without installing the canvas npm package
Not implemented: HTMLCanvasElement's getContext() method: without installing the canvas npm package
Not implemented: HTMLCanvasElement's getContext() method: without installing the canvas npm package
Not implemented: HTMLCanvasElement's getContext() method: without installing the canvas npm package
Not implemented: HTMLCanvasElement's getContext() method: without installing the canvas npm package
Not implemented: HTMLCanvasElement's getContext() method: without installing the canvas npm package
Not implemented: HTMLCanvasElement's getContext() method: without installing the canvas npm package
Not implemented: HTMLCanvasElement's getContext() method: without installing the canvas npm package
Not implemented: HTMLCanvasElement's getContext() method: without installing the canvas npm package
Not implemented: HTMLCanvasElement's getContext() method: without installing the canvas npm package
Not implemented: HTMLCanvasElement's getContext() method: without installing the canvas npm package
Not implemented: HTMLCanvasElement's getContext() method: without installing the canvas npm package
Not implemented: HTMLCanvasElement's getContext() method: without installing the canvas npm package
Not implemented: HTMLCanvasElement's getContext() method: without installing the canvas npm package
Not implemented: HTMLCanvasElement's getContext() method: without installing the canvas npm package
Not implemented: HTMLCanvasElement's getContext() method: without installing the canvas npm package
Not implemented: HTMLCanvasElement's getContext() method: without installing the canvas npm package
Not implemented: HTMLCanvasElement's getContext() method: without installing the canvas npm package
Not implemented: HTMLCanvasElement's getContext() method: without installing the canvas npm package
Not implemented: HTMLCanvasElement's getContext() method: without installing the canvas npm package
Not implemented: HTMLCanvasElement's getContext() method: without installing the canvas npm package
Not implemented: HTMLCanvasElement's getContext() method: without installing the canvas npm package
Not implemented: HTMLCanvasElement's getContext() method: without installing the canvas npm package
Not implemented: HTMLCanvasElement's getContext() method: without installing the canvas npm package
Not implemented: HTMLCanvasElement's getContext() method: without installing the canvas npm package
Not implemented: HTMLCanvasElement's getContext() method: without installing the canvas npm package
Not implemented: HTMLCanvasElement's getContext() method: without installing the canvas npm package
Not implemented: HTMLCanvasElement's getContext() method: without installing the canvas npm package
Not implemented: HTMLCanvasElement's getContext() method: without installing the canvas npm package
Not implemented: HTMLCanvasElement's getContext() method: without installing the canvas npm package
Not implemented: HTMLCanvasElement's getContext() method: without installing the canvas npm package
Not implemented: HTMLCanvasElement's getContext() method: without installing the canvas npm package
Not implemented: HTMLCanvasElement's getContext() method: without installing the canvas npm package
Not implemented: HTMLCanvasElement's getContext() method: without installing the canvas npm package
Not implemented: HTMLCanvasElement's getContext() method: without installing the canvas npm package
Not implemented: HTMLCanvasElement's getContext() method: without installing the canvas npm package
Not implemented: HTMLCanvasElement's getContext() method: without installing the canvas npm package
Not implemented: HTMLCanvasElement's getContext() method: without installing the canvas npm package
Not implemented: HTMLCanvasElement's getContext() method: without installing the canvas npm package
Not implemented: HTMLCanvasElement's getContext() method: without installing the canvas npm package
Not implemented: HTMLCanvasElement's getContext() method: without installing the canvas npm package
Not implemented: HTMLCanvasElement's getContext() method: without installing the canvas npm package
Not implemented: HTMLCanvasElement's getContext() method: without installing the canvas npm package
Not implemented: HTMLCanvasElement's getContext() method: without installing the canvas npm package
Not implemented: HTMLCanvasElement's getContext() method: without installing the canvas npm package
Not implemented: HTMLCanvasElement's getContext() method: without installing the canvas npm package
Not implemented: HTMLCanvasElement's getContext() method: without installing the canvas npm package
Not implemented: HTMLCanvasElement's getContext() method: without installing the canvas npm package
Not implemented: HTMLCanvasElement's getContext() method: without installing the canvas npm package
Not implemented: HTMLCanvasElement's getContext() method: without installing the canvas npm package
Not implemented: HTMLCanvasElement's getContext() method: without installing the canvas npm package
Not implemented: HTMLCanvasElement's getContext() method: without installing the canvas npm package
Not implemented: HTMLCanvasElement's getContext() method: without installing the canvas npm package
Not implemented: HTMLCanvasElement's getContext() method: without installing the canvas npm package
Not implemented: HTMLCanvasElement's getContext() method: without installing the canvas npm package
Not implemented: HTMLCanvasElement's getContext() method: without installing the canvas npm package
Not implemented: HTMLCanvasElement's getContext() method: without installing the canvas npm package
Not implemented: HTMLCanvasElement's getContext() method: without installing the canvas npm package
Not implemented: HTMLCanvasElement's getContext() method: without installing the canvas npm package
Not implemented: HTMLCanvasElement's getContext() method: without installing the canvas npm package
Not implemented: HTMLCanvasElement's getContext() method: without installing the canvas npm package
Not implemented: HTMLCanvasElement's getContext() method: without installing the canvas npm package
Not implemented: HTMLCanvasElement's getContext() method: without installing the canvas npm package
Not implemented: HTMLCanvasElement's getContext() method: without installing the canvas npm package
Not implemented: HTMLCanvasElement's getContext() method: without installing the canvas npm package
Not implemented: HTMLCanvasElement's getContext() method: without installing the canvas npm package
Not implemented: HTMLCanvasElement's getContext() method: without installing the canvas npm package
Not implemented: HTMLCanvasElement's getContext() method: without installing the canvas npm package
Not implemented: HTMLCanvasElement's getContext() method: without installing the canvas npm package
Not implemented: HTMLCanvasElement's getContext() method: without installing the canvas npm package
Not implemented: HTMLCanvasElement's getContext() method: without installing the canvas npm package
Not implemented: HTMLCanvasElement's getContext() method: without installing the canvas npm package
Not implemented: HTMLCanvasElement's getContext() method: without installing the canvas npm package
Not implemented: HTMLCanvasElement's getContext() method: without installing the canvas npm package
Not implemented: HTMLCanvasElement's getContext() method: without installing the canvas npm package
Not implemented: HTMLCanvasElement's getContext() method: without installing the canvas npm package
Not implemented: HTMLCanvasElement's getContext() method: without installing the canvas npm package
Not implemented: HTMLCanvasElement's getContext() method: without installing the canvas npm package
Not implemented: HTMLCanvasElement's getContext() method: without installing the canvas npm package
Not implemented: HTMLCanvasElement's getContext() method: without installing the canvas npm package
Not implemented: HTMLCanvasElement's getContext() method: without installing the canvas npm package
Not implemented: HTMLCanvasElement's getContext() method: without installing the canvas npm package
Not implemented: HTMLCanvasElement's getContext() method: without installing the canvas npm package
Not implemented: HTMLCanvasElement's getContext() method: without installing the canvas npm package
Not implemented: HTMLCanvasElement's getContext() method: without installing the canvas npm package
Not implemented: HTMLCanvasElement's getContext() method: without installing the canvas npm package
Not implemented: HTMLCanvasElement's getContext() method: without installing the canvas npm package
Not implemented: HTMLCanvasElement's getContext() method: without installing the canvas npm package
Not implemented: HTMLCanvasElement's getContext() method: without installing the canvas npm package
Not implemented: HTMLCanvasElement's getContext() method: without installing the canvas npm package
Not implemented: HTMLCanvasElement's getContext() method: without installing the canvas npm package
Not implemented: HTMLCanvasElement's getContext() method: without installing the canvas npm package
Not implemented: HTMLCanvasElement's getContext() method: without installing the canvas npm package
Not implemented: HTMLCanvasElement's getContext() method: without installing the canvas npm package
Not implemented: HTMLCanvasElement's getContext() method: without installing the canvas npm package
Not implemented: HTMLCanvasElement's getContext() method: without installing the canvas npm package
Not implemented: HTMLCanvasElement's getContext() method: without installing the canvas npm package
Not implemented: HTMLCanvasElement's getContext() method: without installing the canvas npm package
Not implemented: HTMLCanvasElement's getContext() method: without installing the canvas npm package
Not implemented: HTMLCanvasElement's getContext() method: without installing the canvas npm package
Not implemented: HTMLCanvasElement's getContext() method: without installing the canvas npm package
Not implemented: HTMLCanvasElement's getContext() method: without installing the canvas npm package
Not implemented: HTMLCanvasElement's getContext() method: without installing the canvas npm package
Not implemented: HTMLCanvasElement's getContext() method: without installing the canvas npm package
Not implemented: HTMLCanvasElement's getContext() method: without installing the canvas npm package
Not implemented: HTMLCanvasElement's getContext() method: without installing the canvas npm package
Not implemented: HTMLCanvasElement's getContext() method: without installing the canvas npm package
Not implemented: HTMLCanvasElement's getContext() method: without installing the canvas npm package
Not implemented: HTMLCanvasElement's getContext() method: without installing the canvas npm package
Not implemented: HTMLCanvasElement's getContext() method: without installing the canvas npm package
Not implemented: HTMLCanvasElement's getContext() method: without installing the canvas npm package
Not implemented: HTMLCanvasElement's getContext() method: without installing the canvas npm package
Not implemented: HTMLCanvasElement's getContext() method: without installing the canvas npm package
Not implemented: HTMLCanvasElement's getContext() method: without installing the canvas npm package
Not implemented: HTMLCanvasElement's getContext() method: without installing the canvas npm package
Not implemented: HTMLCanvasElement's getContext() method: without installing the canvas npm package
Not implemented: HTMLCanvasElement's getContext() method: without installing the canvas npm package
Not implemented: HTMLCanvasElement's getContext() method: without installing the canvas npm package
Not implemented: HTMLCanvasElement's getContext() method: without installing the canvas npm package
Not implemented: HTMLCanvasElement's getContext() method: without installing the canvas npm package
Not implemented: HTMLCanvasElement's getContext() method: without installing the canvas npm package
Not implemented: HTMLCanvasElement's getContext() method: without installing the canvas npm package
Not implemented: HTMLCanvasElement's getContext() method: without installing the canvas npm package
Not implemented: HTMLCanvasElement's getContext() method: without installing the canvas npm package
Not implemented: HTMLCanvasElement's getContext() method: without installing the canvas npm package
Not implemented: HTMLCanvasElement's getContext() method: without installing the canvas npm package
Not implemented: HTMLCanvasElement's getContext() method: without installing the canvas npm package
Not implemented: HTMLCanvasElement's getContext() method: without installing the canvas npm package
Not implemented: HTMLCanvasElement's getContext() method: without installing the canvas npm package
Not implemented: HTMLCanvasElement's getContext() method: without installing the canvas npm package
Not implemented: HTMLCanvasElement's getContext() method: without installing the canvas npm package
Not implemented: HTMLCanvasElement's getContext() method: without installing the canvas npm package
Not implemented: HTMLCanvasElement's getContext() method: without installing the canvas npm package
Not implemented: HTMLCanvasElement's getContext() method: without installing the canvas npm package
Not implemented: HTMLCanvasElement's getContext() method: without installing the canvas npm package
Not implemented: HTMLCanvasElement's getContext() method: without installing the canvas npm package
Not implemented: HTMLCanvasElement's getContext() method: without installing the canvas npm package
Not implemented: HTMLCanvasElement's getContext() method: without installing the canvas npm package
Not implemented: HTMLCanvasElement's getContext() method: without installing the canvas npm package
Not implemented: HTMLCanvasElement's getContext() method: without installing the canvas npm package
Not implemented: HTMLCanvasElement's getContext() method: without installing the canvas npm package
Not implemented: HTMLCanvasElement's getContext() method: without installing the canvas npm package
Not implemented: HTMLCanvasElement's getContext() method: without installing the canvas npm package
Not implemented: HTMLCanvasElement's getContext() method: without installing the canvas npm package
Not implemented: HTMLCanvasElement's getContext() method: without installing the canvas npm package
Not implemented: HTMLCanvasElement's getContext() method: without installing the canvas npm package
Not implemented: HTMLCanvasElement's getContext() method: without installing the canvas npm package
Not implemented: HTMLCanvasElement's getContext() method: without installing the canvas npm package
Not implemented: HTMLCanvasElement's getContext() method: without installing the canvas npm package
Not implemented: HTMLCanvasElement's getContext() method: without installing the canvas npm package
Not implemented: HTMLCanvasElement's getContext() method: without installing the canvas npm package
Not implemented: HTMLCanvasElement's getContext() method: without installing the canvas npm package
Not implemented: HTMLCanvasElement's getContext() method: without installing the canvas npm package
Not implemented: HTMLCanvasElement's getContext() method: without installing the canvas npm package
Not implemented: HTMLCanvasElement's getContext() method: without installing the canvas npm package
Not implemented: HTMLCanvasElement's getContext() method: without installing the canvas npm package
Not implemented: HTMLCanvasElement's getContext() method: without installing the canvas npm package
Not implemented: HTMLCanvasElement's getContext() method: without installing the canvas npm package
Not implemented: HTMLCanvasElement's getContext() method: without installing the canvas npm package
Not implemented: HTMLCanvasElement's getContext() method: without installing the canvas npm package
Not implemented: HTMLCanvasElement's getContext() method: without installing the canvas npm package
Not implemented: HTMLCanvasElement's getContext() method: without installing the canvas npm package
Not implemented: HTMLCanvasElement's getContext() method: without installing the canvas npm package
Not implemented: HTMLCanvasElement's getContext() method: without installing the canvas npm package
Not implemented: HTMLCanvasElement's getContext() method: without installing the canvas npm package
Not implemented: HTMLCanvasElement's getContext() method: without installing the canvas npm package
Not implemented: HTMLCanvasElement's getContext() method: without installing the canvas npm package
Not implemented: HTMLCanvasElement's getContext() method: without installing the canvas npm package
Not implemented: HTMLCanvasElement's getContext() method: without installing the canvas npm package
Not implemented: HTMLCanvasElement's getContext() method: without installing the canvas npm package
Not implemented: HTMLCanvasElement's getContext() method: without installing the canvas npm package
Not implemented: HTMLCanvasElement's getContext() method: without installing the canvas npm package
Not implemented: HTMLCanvasElement's getContext() method: without installing the canvas npm package
Not implemented: HTMLCanvasElement's getContext() method: without installing the canvas npm package
Not implemented: HTMLCanvasElement's getContext() method: without installing the canvas npm package
Not implemented: HTMLCanvasElement's getContext() method: without installing the canvas npm package
Not implemented: HTMLCanvasElement's getContext() method: without installing the canvas npm package
Not implemented: HTMLCanvasElement's getContext() method: without installing the canvas npm package
Not implemented: HTMLCanvasElement's getContext() method: without installing the canvas npm package
Not implemented: HTMLCanvasElement's getContext() method: without installing the canvas npm package
Not implemented: HTMLCanvasElement's getContext() method: without installing the canvas npm package
Not implemented: HTMLCanvasElement's getContext() method: without installing the canvas npm package
Not implemented: HTMLCanvasElement's getContext() method: without installing the canvas npm package
Not implemented: HTMLCanvasElement's getContext() method: without installing the canvas npm package
Not implemented: HTMLCanvasElement's getContext() method: without installing the canvas npm package
Not implemented: HTMLCanvasElement's getContext() method: without installing the canvas npm package
Not implemented: HTMLCanvasElement's getContext() method: without installing the canvas npm package
Not implemented: HTMLCanvasElement's getContext() method: without installing the canvas npm package
Not implemented: HTMLCanvasElement's getContext() method: without installing the canvas npm package
Not implemented: HTMLCanvasElement's getContext() method: without installing the canvas npm package
Not implemented: HTMLCanvasElement's getContext() method: without installing the canvas npm package
Not implemented: HTMLCanvasElement's getContext() method: without installing the canvas npm package
Not implemented: HTMLCanvasElement's getContext() method: without installing the canvas npm package
Not implemented: HTMLCanvasElement's getContext() method: without installing the canvas npm package
Not implemented: HTMLCanvasElement's getContext() method: without installing the canvas npm package
Not implemented: HTMLCanvasElement's getContext() method: without installing the canvas npm package
Not implemented: HTMLCanvasElement's getContext() method: without installing the canvas npm package
Not implemented: HTMLCanvasElement's getContext() method: without installing the canvas npm package
Not implemented: HTMLCanvasElement's getContext() method: without installing the canvas npm package
Not implemented: HTMLCanvasElement's getContext() method: without installing the canvas npm package
Not implemented: HTMLCanvasElement's getContext() method: without installing the canvas npm package
Not implemented: HTMLCanvasElement's getContext() method: without installing the canvas npm package
Not implemented: HTMLCanvasElement's getContext() method: without installing the canvas npm package
Not implemented: HTMLCanvasElement's getContext() method: without installing the canvas npm package
Not implemented: HTMLCanvasElement's getContext() method: without installing the canvas npm package
Not implemented: HTMLCanvasElement's getContext() method: without installing the canvas npm package
Not implemented: HTMLCanvasElement's getContext() method: without installing the canvas npm package
Not implemented: HTMLCanvasElement's getContext() method: without installing the canvas npm package
Not implemented: HTMLCanvasElement's getContext() method: without installing the canvas npm package
Not implemented: HTMLCanvasElement's getContext() method: without installing the canvas npm package
Not implemented: HTMLCanvasElement's getContext() method: without installing the canvas npm package
Not implemented: HTMLCanvasElement's getContext() method: without installing the canvas npm package
Not implemented: HTMLCanvasElement's getContext() method: without installing the canvas npm package
Not implemented: HTMLCanvasElement's getContext() method: without installing the canvas npm package
Not implemented: HTMLCanvasElement's getContext() method: without installing the canvas npm package
Not implemented: HTMLCanvasElement's getContext() method: without installing the canvas npm package
Not implemented: HTMLCanvasElement's getContext() method: without installing the canvas npm package
Not implemented: HTMLCanvasElement's getContext() method: without installing the canvas npm package
Not implemented: HTMLCanvasElement's getContext() method: without installing the canvas npm package
Not implemented: HTMLCanvasElement's getContext() method: without installing the canvas npm package
Not implemented: HTMLCanvasElement's getContext() method: without installing the canvas npm package
Not implemented: HTMLCanvasElement's getContext() method: without installing the canvas npm package
Not implemented: HTMLCanvasElement's getContext() method: without installing the canvas npm package
Not implemented: HTMLCanvasElement's getContext() method: without installing the canvas npm package
Not implemented: HTMLCanvasElement's getContext() method: without installing the canvas npm package
Not implemented: HTMLCanvasElement's getContext() method: without installing the canvas npm package
Not implemented: HTMLCanvasElement's getContext() method: without installing the canvas npm package
Not implemented: HTMLCanvasElement's getContext() method: without installing the canvas npm package
Not implemented: HTMLCanvasElement's getContext() method: without installing the canvas npm package
Not implemented: HTMLCanvasElement's getContext() method: without installing the canvas npm package
Not implemented: HTMLCanvasElement's getContext() method: without installing the canvas npm package
Not implemented: HTMLCanvasElement's getContext() method: without installing the canvas npm package
Not implemented: HTMLCanvasElement's getContext() method: without installing the canvas npm package
Not implemented: HTMLCanvasElement's getContext() method: without installing the canvas npm package
Not implemented: HTMLCanvasElement's getContext() method: without installing the canvas npm package
Not implemented: HTMLCanvasElement's getContext() method: without installing the canvas npm package
Not implemented: HTMLCanvasElement's getContext() method: without installing the canvas npm package
Not implemented: HTMLCanvasElement's getContext() method: without installing the canvas npm package
Not implemented: HTMLCanvasElement's getContext() method: without installing the canvas npm package
Not implemented: HTMLCanvasElement's getContext() method: without installing the canvas npm package
Not implemented: HTMLCanvasElement's getContext() method: without installing the canvas npm package
Not implemented: HTMLCanvasElement's getContext() method: without installing the canvas npm package
Not implemented: HTMLCanvasElement's getContext() method: without installing the canvas npm package
Not implemented: HTMLCanvasElement's getContext() method: without installing the canvas npm package
Not implemented: HTMLCanvasElement's getContext() method: without installing the canvas npm package
Not implemented: HTMLCanvasElement's getContext() method: without installing the canvas npm package
Not implemented: HTMLCanvasElement's getContext() method: without installing the canvas npm package
Not implemented: HTMLCanvasElement's getContext() method: without installing the canvas npm package
Not implemented: HTMLCanvasElement's getContext() method: without installing the canvas npm package
Not implemented: HTMLCanvasElement's getContext() method: without installing the canvas npm package
Not implemented: HTMLCanvasElement's getContext() method: without installing the canvas npm package
Not implemented: HTMLCanvasElement's getContext() method: without installing the canvas npm package
Not implemented: HTMLCanvasElement's getContext() method: without installing the canvas npm package
Not implemented: HTMLCanvasElement's getContext() method: without installing the canvas npm package
Not implemented: HTMLCanvasElement's getContext() method: without installing the canvas npm package
Not implemented: HTMLCanvasElement's getContext() method: without installing the canvas npm package
Not implemented: HTMLCanvasElement's getContext() method: without installing the canvas npm package
Not implemented: HTMLCanvasElement's getContext() method: without installing the canvas npm package
Not implemented: HTMLCanvasElement's getContext() method: without installing the canvas npm package
Not implemented: HTMLCanvasElement's getContext() method: without installing the canvas npm package
Not implemented: HTMLCanvasElement's getContext() method: without installing the canvas npm package
Not implemented: HTMLCanvasElement's getContext() method: without installing the canvas npm package
Not implemented: HTMLCanvasElement's getContext() method: without installing the canvas npm package
Not implemented: HTMLCanvasElement's getContext() method: without installing the canvas npm package
Not implemented: HTMLCanvasElement's getContext() method: without installing the canvas npm package
Not implemented: HTMLCanvasElement's getContext() method: without installing the canvas npm package
Not implemented: HTMLCanvasElement's getContext() method: without installing the canvas npm package
Not implemented: HTMLCanvasElement's getContext() method: without installing the canvas npm package
Not implemented: HTMLCanvasElement's getContext() method: without installing the canvas npm package
Not implemented: HTMLCanvasElement's getContext() method: without installing the canvas npm package
Not implemented: HTMLCanvasElement's getContext() method: without installing the canvas npm package
Not implemented: HTMLCanvasElement's getContext() method: without installing the canvas npm package
Not implemented: HTMLCanvasElement's getContext() method: without installing the canvas npm package
Not implemented: HTMLCanvasElement's getContext() method: without installing the canvas npm package
Not implemented: HTMLCanvasElement's getContext() method: without installing the canvas npm package
Not implemented: HTMLCanvasElement's getContext() method: without installing the canvas npm package
Not implemented: HTMLCanvasElement's getContext() method: without installing the canvas npm package
Not implemented: HTMLCanvasElement's getContext() method: without installing the canvas npm package
Not implemented: HTMLCanvasElement's getContext() method: without installing the canvas npm package
Not implemented: HTMLCanvasElement's getContext() method: without installing the canvas npm package
Not implemented: HTMLCanvasElement's getContext() method: without installing the canvas npm package
Not implemented: HTMLCanvasElement's getContext() method: without installing the canvas npm package
Not implemented: HTMLCanvasElement's getContext() method: without installing the canvas npm package
Not implemented: HTMLCanvasElement's getContext() method: without installing the canvas npm package
Not implemented: HTMLCanvasElement's getContext() method: without installing the canvas npm package
Not implemented: HTMLCanvasElement's getContext() method: without installing the canvas npm package
Not implemented: HTMLCanvasElement's getContext() method: without installing the canvas npm package
Not implemented: HTMLCanvasElement's getContext() method: without installing the canvas npm package
Not implemented: HTMLCanvasElement's getContext() method: without installing the canvas npm package
Not implemented: HTMLCanvasElement's getContext() method: without installing the canvas npm package
Not implemented: HTMLCanvasElement's getContext() method: without installing the canvas npm package
Not implemented: HTMLCanvasElement's getContext() method: without installing the canvas npm package
Not implemented: HTMLCanvasElement's getContext() method: without installing the canvas npm package
Not implemented: HTMLCanvasElement's getContext() method: without installing the canvas npm package
Not implemented: HTMLCanvasElement's getContext() method: without installing the canvas npm package
Not implemented: HTMLCanvasElement's getContext() method: without installing the canvas npm package
Not implemented: HTMLCanvasElement's getContext() method: without installing the canvas npm package
Not implemented: HTMLCanvasElement's getContext() method: without installing the canvas npm package
Not implemented: HTMLCanvasElement's getContext() method: without installing the canvas npm package
Not implemented: HTMLCanvasElement's getContext() method: without installing the canvas npm package
Not implemented: HTMLCanvasElement's getContext() method: without installing the canvas npm package
Not implemented: HTMLCanvasElement's getContext() method: without installing the canvas npm package
Not implemented: HTMLCanvasElement's getContext() method: without installing the canvas npm package
Not implemented: HTMLCanvasElement's getContext() method: without installing the canvas npm package
Not implemented: HTMLCanvasElement's getContext() method: without installing the canvas npm package
Not implemented: HTMLCanvasElement's getContext() method: without installing the canvas npm package
Not implemented: HTMLCanvasElement's getContext() method: without installing the canvas npm package
Not implemented: HTMLCanvasElement's getContext() method: without installing the canvas npm package
Not implemented: HTMLCanvasElement's getContext() method: without installing the canvas npm package
Not implemented: HTMLCanvasElement's getContext() method: without installing the canvas npm package
Not implemented: HTMLCanvasElement's getContext() method: without installing the canvas npm package
Not implemented: HTMLCanvasElement's getContext() method: without installing the canvas npm package
Not implemented: HTMLCanvasElement's getContext() method: without installing the canvas npm package
Not implemented: HTMLCanvasElement's getContext() method: without installing the canvas npm package
Not implemented: HTMLCanvasElement's getContext() method: without installing the canvas npm package
Not implemented: HTMLCanvasElement's getContext() method: without installing the canvas npm package
Not implemented: HTMLCanvasElement's getContext() method: without installing the canvas npm package
Not implemented: HTMLCanvasElement's getContext() method: without installing the canvas npm package
Not implemented: HTMLCanvasElement's getContext() method: without installing the canvas npm package
Not implemented: HTMLCanvasElement's getContext() method: without installing the canvas npm package
Not implemented: HTMLCanvasElement's getContext() method: without installing the canvas npm package
Not implemented: HTMLCanvasElement's getContext() method: without installing the canvas npm package
Not implemented: HTMLCanvasElement's getContext() method: without installing the canvas npm package
Not implemented: HTMLCanvasElement's getContext() method: without installing the canvas npm package
Not implemented: HTMLCanvasElement's getContext() method: without installing the canvas npm package
Not implemented: HTMLCanvasElement's getContext() method: without installing the canvas npm package
Not implemented: HTMLCanvasElement's getContext() method: without installing the canvas npm package
Not implemented: HTMLCanvasElement's getContext() method: without installing the canvas npm package
Not implemented: HTMLCanvasElement's getContext() method: without installing the canvas npm package
Not implemented: HTMLCanvasElement's getContext() method: without installing the canvas npm package
Not implemented: HTMLCanvasElement's getContext() method: without installing the canvas npm package
Not implemented: HTMLCanvasElement's getContext() method: without installing the canvas npm package
Not implemented: HTMLCanvasElement's getContext() method: without installing the canvas npm package
Not implemented: HTMLCanvasElement's getContext() method: without installing the canvas npm package
Not implemented: HTMLCanvasElement's getContext() method: without installing the canvas npm package
Not implemented: HTMLCanvasElement's getContext() method: without installing the canvas npm package
Not implemented: HTMLCanvasElement's getContext() method: without installing the canvas npm package
Not implemented: HTMLCanvasElement's getContext() method: without installing the canvas npm package
Not implemented: HTMLCanvasElement's getContext() method: without installing the canvas npm package
Not implemented: HTMLCanvasElement's getContext() method: without installing the canvas npm package
Not implemented: HTMLCanvasElement's getContext() method: without installing the canvas npm package
Not implemented: HTMLCanvasElement's getContext() method: without installing the canvas npm package
Not implemented: HTMLCanvasElement's getContext() method: without installing the canvas npm package
Not implemented: HTMLCanvasElement's getContext() method: without installing the canvas npm package
Not implemented: HTMLCanvasElement's getContext() method: without installing the canvas npm package
Not implemented: HTMLCanvasElement's getContext() method: without installing the canvas npm package
Not implemented: HTMLCanvasElement's getContext() method: without installing the canvas npm package
Not implemented: HTMLCanvasElement's getContext() method: without installing the canvas npm package
Not implemented: HTMLCanvasElement's getContext() method: without installing the canvas npm package
Not implemented: HTMLCanvasElement's getContext() method: without installing the canvas npm package
Not implemented: HTMLCanvasElement's getContext() method: without installing the canvas npm package
Not implemented: HTMLCanvasElement's getContext() method: without installing the canvas npm package
Not implemented: HTMLCanvasElement's getContext() method: without installing the canvas npm package
Not implemented: HTMLCanvasElement's getContext() method: without installing the canvas npm package
Not implemented: HTMLCanvasElement's getContext() method: without installing the canvas npm package
Not implemented: HTMLCanvasElement's getContext() method: without installing the canvas npm package
Not implemented: HTMLCanvasElement's getContext() method: without installing the canvas npm package
Not implemented: HTMLCanvasElement's getContext() method: without installing the canvas npm package
Not implemented: HTMLCanvasElement's getContext() method: without installing the canvas npm package
Not implemented: HTMLCanvasElement's getContext() method: without installing the canvas npm package
Not implemented: HTMLCanvasElement's getContext() method: without installing the canvas npm package
Not implemented: HTMLCanvasElement's getContext() method: without installing the canvas npm package
Not implemented: HTMLCanvasElement's getContext() method: without installing the canvas npm package
Not implemented: HTMLCanvasElement's getContext() method: without installing the canvas npm package
Not implemented: HTMLCanvasElement's getContext() method: without installing the canvas npm package
Not implemented: HTMLCanvasElement's getContext() method: without installing the canvas npm package
Not implemented: HTMLCanvasElement's getContext() method: without installing the canvas npm package
Not implemented: HTMLCanvasElement's getContext() method: without installing the canvas npm package
Not implemented: HTMLCanvasElement's getContext() method: without installing the canvas npm package
Not implemented: HTMLCanvasElement's getContext() method: without installing the canvas npm package
Not implemented: HTMLCanvasElement's getContext() method: without installing the canvas npm package
Not implemented: HTMLCanvasElement's getContext() method: without installing the canvas npm package
Not implemented: HTMLCanvasElement's getContext() method: without installing the canvas npm package
Not implemented: HTMLCanvasElement's getContext() method: without installing the canvas npm package
Not implemented: HTMLCanvasElement's getContext() method: without installing the canvas npm package
Not implemented: HTMLCanvasElement's getContext() method: without installing the canvas npm package
Not implemented: HTMLCanvasElement's getContext() method: without installing the canvas npm package
Not implemented: HTMLCanvasElement's getContext() method: without installing the canvas npm package
Not implemented: HTMLCanvasElement's getContext() method: without installing the canvas npm package
Not implemented: HTMLCanvasElement's getContext() method: without installing the canvas npm package
Not implemented: HTMLCanvasElement's getContext() method: without installing the canvas npm package
Not implemented: HTMLCanvasElement's getContext() method: without installing the canvas npm package
Not implemented: HTMLCanvasElement's getContext() method: without installing the canvas npm package
Not implemented: HTMLCanvasElement's getContext() method: without installing the canvas npm package
Not implemented: HTMLCanvasElement's getContext() method: without installing the canvas npm package
Not implemented: HTMLCanvasElement's getContext() method: without installing the canvas npm package
Not implemented: HTMLCanvasElement's getContext() method: without installing the canvas npm package
Not implemented: HTMLCanvasElement's getContext() method: without installing the canvas npm package
Not implemented: HTMLCanvasElement's getContext() method: without installing the canvas npm package
Not implemented: HTMLCanvasElement's getContext() method: without installing the canvas npm package
Not implemented: HTMLCanvasElement's getContext() method: without installing the canvas npm package
Not implemented: HTMLCanvasElement's getContext() method: without installing the canvas npm package
Not implemented: HTMLCanvasElement's getContext() method: without installing the canvas npm package
Not implemented: HTMLCanvasElement's getContext() method: without installing the canvas npm package
Not implemented: HTMLCanvasElement's getContext() method: without installing the canvas npm package
Not implemented: HTMLCanvasElement's getContext() method: without installing the canvas npm package
Not implemented: HTMLCanvasElement's getContext() method: without installing the canvas npm package
Not implemented: HTMLCanvasElement's getContext() method: without installing the canvas npm package
Not implemented: HTMLCanvasElement's getContext() method: without installing the canvas npm package
Not implemented: HTMLCanvasElement's getContext() method: without installing the canvas npm package
Not implemented: HTMLCanvasElement's getContext() method: without installing the canvas npm package
Not implemented: HTMLCanvasElement's getContext() method: without installing the canvas npm package
Not implemented: HTMLCanvasElement's getContext() method: without installing the canvas npm package
Not implemented: HTMLCanvasElement's getContext() method: without installing the canvas npm package
Not implemented: HTMLCanvasElement's getContext() method: without installing the canvas npm package
Not implemented: HTMLCanvasElement's getContext() method: without installing the canvas npm package
Not implemented: HTMLCanvasElement's getContext() method: without installing the canvas npm package
Not implemented: HTMLCanvasElement's getContext() method: without installing the canvas npm package
Not implemented: HTMLCanvasElement's getContext() method: without installing the canvas npm package
Not implemented: HTMLCanvasElement's getContext() method: without installing the canvas npm package
Not implemented: HTMLCanvasElement's getContext() method: without installing the canvas npm package
Not implemented: HTMLCanvasElement's getContext() method: without installing the canvas npm package
Not implemented: HTMLCanvasElement's getContext() method: without installing the canvas npm package
Not implemented: HTMLCanvasElement's getContext() method: without installing the canvas npm package
Not implemented: HTMLCanvasElement's getContext() method: without installing the canvas npm package
Not implemented: HTMLCanvasElement's getContext() method: without installing the canvas npm package
Not implemented: HTMLCanvasElement's getContext() method: without installing the canvas npm package
Not implemented: HTMLCanvasElement's getContext() method: without installing the canvas npm package
Not implemented: HTMLCanvasElement's getContext() method: without installing the canvas npm package
Not implemented: HTMLCanvasElement's getContext() method: without installing the canvas npm package
Not implemented: HTMLCanvasElement's getContext() method: without installing the canvas npm package
Not implemented: HTMLCanvasElement's getContext() method: without installing the canvas npm package
Not implemented: HTMLCanvasElement's getContext() method: without installing the canvas npm package
Not implemented: HTMLCanvasElement's getContext() method: without installing the canvas npm package
Not implemented: HTMLCanvasElement's getContext() method: without installing the canvas npm package
Not implemented: HTMLCanvasElement's getContext() method: without installing the canvas npm package
Not implemented: HTMLCanvasElement's getContext() method: without installing the canvas npm package
Not implemented: HTMLCanvasElement's getContext() method: without installing the canvas npm package
Not implemented: HTMLCanvasElement's getContext() method: without installing the canvas npm package
Not implemented: HTMLCanvasElement's getContext() method: without installing the canvas npm package
Not implemented: HTMLCanvasElement's getContext() method: without installing the canvas npm package
Not implemented: HTMLCanvasElement's getContext() method: without installing the canvas npm package
Not implemented: HTMLCanvasElement's getContext() method: without installing the canvas npm package
Not implemented: HTMLCanvasElement's getContext() method: without installing the canvas npm package
Not implemented: HTMLCanvasElement's getContext() method: without installing the canvas npm package
Not implemented: HTMLCanvasElement's getContext() method: without installing the canvas npm package
Not implemented: HTMLCanvasElement's getContext() method: without installing the canvas npm package
Not implemented: HTMLCanvasElement's getContext() method: without installing the canvas npm package
Not implemented: HTMLCanvasElement's getContext() method: without installing the canvas npm package
Not implemented: HTMLCanvasElement's getContext() method: without installing the canvas npm package
Not implemented: HTMLCanvasElement's getContext() method: without installing the canvas npm package
Not implemented: HTMLCanvasElement's getContext() method: without installing the canvas npm package
Not implemented: HTMLCanvasElement's getContext() method: without installing the canvas npm package
Not implemented: HTMLCanvasElement's getContext() method: without installing the canvas npm package
Not implemented: HTMLCanvasElement's getContext() method: without installing the canvas npm package
Not implemented: HTMLCanvasElement's getContext() method: without installing the canvas npm package
Not implemented: HTMLCanvasElement's getContext() method: without installing the canvas npm package
Not implemented: HTMLCanvasElement's getContext() method: without installing the canvas npm package
Not implemented: HTMLCanvasElement's getContext() method: without installing the canvas npm package
Not implemented: HTMLCanvasElement's getContext() method: without installing the canvas npm package
Not implemented: HTMLCanvasElement's getContext() method: without installing the canvas npm package
Not implemented: HTMLCanvasElement's getContext() method: without installing the canvas npm package
Not implemented: HTMLCanvasElement's getContext() method: without installing the canvas npm package
Not implemented: HTMLCanvasElement's getContext() method: without installing the canvas npm package
Not implemented: HTMLCanvasElement's getContext() method: without installing the canvas npm package
Not implemented: HTMLCanvasElement's getContext() method: without installing the canvas npm package
Not implemented: HTMLCanvasElement's getContext() method: without installing the canvas npm package
Not implemented: HTMLCanvasElement's getContext() method: without installing the canvas npm package
Not implemented: HTMLCanvasElement's getContext() method: without installing the canvas npm package
Not implemented: HTMLCanvasElement's getContext() method: without installing the canvas npm package
Not implemented: HTMLCanvasElement's getContext() method: without installing the canvas npm package
Not implemented: HTMLCanvasElement's getContext() method: without installing the canvas npm package
Not implemented: HTMLCanvasElement's getContext() method: without installing the canvas npm package
Not implemented: HTMLCanvasElement's getContext() method: without installing the canvas npm package
Not implemented: HTMLCanvasElement's getContext() method: without installing the canvas npm package
 ❯ tests/unit/generatorContract.test.ts (21 tests | 1 failed) 15272ms
   ❯ every move the curriculum can ask for is made, or declared (4)
     × the moves that cannot be made are exactly UNREALISABLE_AT, with its reasons 23ms

⎯⎯⎯⎯⎯⎯⎯ Failed Tests 1 ⎯⎯⎯⎯⎯⎯⎯

 FAIL  tests/unit/generatorContract.test.ts > every move the curriculum can ask for is made, or declared > the moves 
that cannot be made are exactly UNREALISABLE_AT, with its reasons
AssertionError: declared, but the move is made (or never asked): expected [ '1.5 interval.leap on' ] to deeply equal []

- Expected
+ Received

- []
+ [
+   "1.5 interval.leap on",
+ ]

 ❯ tests/unit/generatorContract.test.ts:363:117
    361|     const declared = new Map<string, Unrealisable>();
    362|     for (const u of UNREALISABLE_AT) for (const rung of u.rungs) decla…
    363|     expect([...declared.keys()].filter((k) => !measured.has(k)), 'decl…
       |                                                                                                               
      ^
    364|     expect([...measured.keys()].filter((k) => !declared.has(k)), 'undo…
    365|     for (const [k, o] of measured) {

⎯⎯⎯⎯⎯⎯⎯⎯⎯⎯⎯⎯⎯⎯⎯⎯⎯⎯⎯⎯⎯⎯⎯⎯[1/1]⎯


 Test Files  1 failed (1)
      Tests  1 failed | 20 passed (21)
   Start at  02:20:24
   Duration  30.12s (tests 51%, environment 45%, transform 3%, import 1%)

