.....FFFF.F..FFFFF.FF.......
======================================================================
FAIL: test_a_track_whose_path_leaves_the_core_before_the_teaching_rung_is_not_credited (tests.test_taught_at.TestTheCoreTeachesWhereAnOptionEstablishes.test_a_track_whose_path_leaves_the_core_before_the_teaching_rung_is_not_credited)
----------------------------------------------------------------------
Traceback (most recent call last):
  File "<worktree>\tools\content\tests\test_taught_at.py", line 296, in test_a_track_whose_path_leaves_the_core_before_the_teaching_rung_is_not_credited
    self.assertEqual(self.untaught("interval.leap", "holiday"), ["interval.leap"])
AssertionError: Lists differ: [] != ['interval.leap']

Second list contains 1 additional elements.
First extra element 0:
'interval.leap'

- []
+ ['interval.leap']

======================================================================
FAIL: test_the_leap_is_untaught_after_1_5_and_taught_from_2_1 (tests.test_taught_at.TestTheCoreTeachesWhereAnOptionEstablishes.test_the_leap_is_untaught_after_1_5_and_taught_from_2_1)
----------------------------------------------------------------------
Traceback (most recent call last):
  File "<worktree>\tools\content\tests\test_taught_at.py", line 274, in test_the_leap_is_untaught_after_1_5_and_taught_from_2_1
    self.assertIn("leaps", self.lessons["1.5"].get("introduces") or [], "1.5 introduces the leap")
AssertionError: 'leaps' not found in [] : 1.5 introduces the leap

======================================================================
FAIL: test_the_note_outside_the_key_is_untaught_after_3_1_and_taught_from_3_3 (tests.test_taught_at.TestTheCoreTeachesWhereAnOptionEstablishes.test_the_note_outside_the_key_is_untaught_after_3_1_and_taught_from_3_3)
----------------------------------------------------------------------
Traceback (most recent call last):
  File "<worktree>\tools\content\tests\test_taught_at.py", line 284, in test_the_note_outside_the_key_is_untaught_after_3_1_and_taught_from_3_3
    self.assertIn("accidentals", self.lessons["3.1"].get("introduces") or [], "3.1 introduces accidentals")
AssertionError: 'accidentals' not found in [] : 3.1 introduces accidentals

======================================================================
FAIL: test_the_rungs_whose_concepts_name_a_demand_one_per_path (tests.test_taught_at.TestTheDerivation.test_the_rungs_whose_concepts_name_a_demand_one_per_path)
----------------------------------------------------------------------
Traceback (most recent call last):
  File "<worktree>\tools\content\tests\test_taught_at.py", line 197, in test_the_rungs_whose_concepts_name_a_demand_one_per_path
    self.assertEqual(derived["interval.leap"], ["2.1"])
AssertionError: Lists differ: ['blues.7', 'ragtime.9'] != ['2.1']

First differing element 0:
'blues.7'
'2.1'

First list contains 1 additional elements.
First extra element 1:
'ragtime.9'

- ['blues.7', 'ragtime.9']
+ ['2.1']

======================================================================
FAIL: test_a_hand_reading_the_note_writes_down_warns_instead (tests.test_taught_at.TestTheListIsTheLessons.test_a_hand_reading_the_note_writes_down_warns_instead)
A listed rung whose concepts do not name the demand is a hand reading: warned where the note
----------------------------------------------------------------------
Traceback (most recent call last):
  File "<worktree>\tools\content\tests\test_taught_at.py", line 133, in test_a_hand_reading_the_note_writes_down_warns_instead
    self.assertTrue(any("pitch.chromatic" in e and "'3.1'" in e and "only introduces it" in e for e in errors),
AssertionError: False is not true : pitch.chromatic at 3.1, which introduces accidentals: no note makes it a teaching rung; got []

======================================================================
FAIL: test_the_committed_lists_are_the_lessons_readings (tests.test_taught_at.TestTheListIsTheLessons.test_the_committed_lists_are_the_lessons_readings)
The committed vocabulary holds together and every listed rung is one whose concepts name the
----------------------------------------------------------------------
Traceback (most recent call last):
  File "<worktree>\tools\content\tests\test_taught_at.py", line 161, in test_the_committed_lists_are_the_lessons_readings
    self.assertEqual(self.warnings(self.demands), [], "no hand reading and no teaching rung the lists omit")
AssertionError: Lists differ: ["WARNING (taught at, E0b): demand interva[302 chars] it"] != []

First list contains 2 additional elements.
First extra element 0:
"WARNING (taught at, E0b): demand interval.leap is taught at '1.5', whose concepts name none of leaps; its taughtAtNote reads the lesson by hand, until F reads it"

+ []
- ["WARNING (taught at, E0b): demand interval.leap is taught at '1.5', whose "
-  'concepts name none of leaps; its taughtAtNote reads the lesson by hand, '
-  'until F reads it',
-  "WARNING (taught at, E0b): demand pitch.chromatic is taught at '3.1', whose "
-  'concepts name none of accidentals, chromatic; its taughtAtNote reads the '
-  'lesson by hand, until F reads it'] : no hand reading and no teaching rung the lists omit

======================================================================
FAIL: test_each_practice_rung_stands_on_the_one_before (tests.test_taught_at.TestThePracticeTrackWalksItsOwnRungs.test_each_practice_rung_stands_on_the_one_before) (rung='practice.2')
----------------------------------------------------------------------
Traceback (most recent call last):
  File "<worktree>\tools\content\tests\test_taught_at.py", line 320, in test_each_practice_rung_stands_on_the_one_before
    self.assertIn(before, self.lessons[rung].get("prerequisites") or [])
AssertionError: 'practice.1' not found in []

======================================================================
FAIL: test_each_practice_rung_stands_on_the_one_before (tests.test_taught_at.TestThePracticeTrackWalksItsOwnRungs.test_each_practice_rung_stands_on_the_one_before) (rung='practice.3')
----------------------------------------------------------------------
Traceback (most recent call last):
  File "<worktree>\tools\content\tests\test_taught_at.py", line 320, in test_each_practice_rung_stands_on_the_one_before
    self.assertIn(before, self.lessons[rung].get("prerequisites") or [])
AssertionError: 'practice.2' not found in []

======================================================================
FAIL: test_each_practice_rung_stands_on_the_one_before (tests.test_taught_at.TestThePracticeTrackWalksItsOwnRungs.test_each_practice_rung_stands_on_the_one_before) (rung='practice.4')
----------------------------------------------------------------------
Traceback (most recent call last):
  File "<worktree>\tools\content\tests\test_taught_at.py", line 320, in test_each_practice_rung_stands_on_the_one_before
    self.assertIn(before, self.lessons[rung].get("prerequisites") or [])
AssertionError: 'practice.3' not found in []

======================================================================
FAIL: test_each_practice_rung_stands_on_the_one_before (tests.test_taught_at.TestThePracticeTrackWalksItsOwnRungs.test_each_practice_rung_stands_on_the_one_before) (rung='practice.5')
----------------------------------------------------------------------
Traceback (most recent call last):
  File "<worktree>\tools\content\tests\test_taught_at.py", line 320, in test_each_practice_rung_stands_on_the_one_before
    self.assertIn(before, self.lessons[rung].get("prerequisites") or [])
AssertionError: 'practice.4' not found in []

======================================================================
FAIL: test_the_floor_s_shared_options_are_read_where_the_track_first_meets_them (tests.test_taught_at.TestThePracticeTrackWalksItsOwnRungs.test_the_floor_s_shared_options_are_read_where_the_track_first_meets_them) (item='exercise.five-finger.c-major.right')
----------------------------------------------------------------------
Traceback (most recent call last):
  File "<worktree>\tools\content\tests\test_taught_at.py", line 334, in test_the_floor_s_shared_options_are_read_where_the_track_first_meets_them
    self.assertNotIn("practice.2", firsts[item_id], "practice.2 stands on practice.1, which lists it")
AssertionError: 'practice.2' unexpectedly found in {'practice.4', 'practice.2', '1.1', 'practice.1'} : practice.2 stands on practice.1, which lists it

======================================================================
FAIL: test_the_floor_s_shared_options_are_read_where_the_track_first_meets_them (tests.test_taught_at.TestThePracticeTrackWalksItsOwnRungs.test_the_floor_s_shared_options_are_read_where_the_track_first_meets_them) (item='exercise.reading.steps-and-skips-c')
----------------------------------------------------------------------
Traceback (most recent call last):
  File "<worktree>\tools\content\tests\test_taught_at.py", line 334, in test_the_floor_s_shared_options_are_read_where_the_track_first_meets_them
    self.assertNotIn("practice.2", firsts[item_id], "practice.2 stands on practice.1, which lists it")
AssertionError: 'practice.2' unexpectedly found in {'practice.2', '1.5', 'practice.1'} : practice.2 stands on practice.1, which lists it

----------------------------------------------------------------------
Ran 24 tests in 0.161s

FAILED (failures=12)
