[WebServer] (node:66284) Warning: The 'NO_COLOR' env is ignored due to the 'FORCE_COLOR' env being set.
[WebServer] (Use `node --trace-warnings ...` to show where the warning was created)
[WebServer] [INEFFECTIVE_DYNAMIC_IMPORT] src/curriculum/load.ts is dynamically imported by src/data/evidenceJob.ts but also statically imported by src/curriculum/tips.ts, src/data/planStore.ts, src/score/estimateImport.ts, src/ui/assignSheet.ts, src/ui/screens/ChordChartScreen.ts, ..., dynamic import will not move module into another chunk.
[WebServer] 
[WebServer] [plugin builtin:vite-reporter] 
[WebServer] (!) Some chunks are larger than 500 kB after minification. Consider:
[WebServer] - Using dynamic import() to code-split the application
[WebServer] - Use build.rolldownOptions.output.codeSplitting to improve chunking: https://rolldown.rs/reference/OutputOptions.codeSplitting
[WebServer] - Adjust chunk size limit for this warning via build.chunkSizeWarningLimit.
[WebServer] [INEFFECTIVE_DYNAMIC_IMPORT] src/data/planStore.ts is dynamically imported by src/data/evidenceJob.ts but also statically imported by src/data/backup.ts, src/data/rungStates.ts, src/ui/screens/DrillScreen.ts, src/ui/screens/LessonScreen.ts, src/ui/screens/PlanScreen.ts, ..., dynamic import will not move module into another chunk.
[WebServer] 
[WebServer] [INEFFECTIVE_DYNAMIC_IMPORT] src/data/evidenceJob.ts is dynamically imported by src/main.ts but also statically imported by src/ui/screens/SettingsScreen.ts, dynamic import will not move module into another chunk.
[WebServer] 
[WebServer] (node:67260) Warning: The 'NO_COLOR' env is ignored due to the 'FORCE_COLOR' env being set.
[WebServer] (Use `node --trace-warnings ...` to show where the warning was created)

Running 7 tests using 2 workers

(node:64700) Warning: The 'NO_COLOR' env is ignored due to the 'FORCE_COLOR' env being set.
(Use `node --trace-warnings ...` to show where the warning was created)
(node:67136) Warning: The 'NO_COLOR' env is ignored due to the 'FORCE_COLOR' env being set.
(Use `node --trace-warnings ...` to show where the warning was created)
  ok 2 tests\e2e\excerpts.spec.ts:69:3 › the excerpt view (E1) › draws the candidate on its parent, the bars outside it dimmed, and plays from before the cut to after it (2.7s)
  ok 1 tests\e2e\excerpts.spec.ts:97:3 › the excerpt view (E1) › moving a boundary re-scores it, and the export carries the moved range to a merge that takes it once (3.2s)
  ok 3 tests\e2e\excerpts.spec.ts:139:3 › the excerpt view (E1) › the build’s cut of an approved row opens in the item view as an item of its own (1.5s)
  ok 4 tests\e2e\microscope.spec.ts:106:3 › the microscope (D2) › opens a generated item by id: the notation settled, every fact under its hook, Hear it enabled (2.1s)
  ok 6 tests\e2e\microscope.spec.ts:166:3 › the microscope (D2) › a decision is exported as a file review.py --merge accepts, and the learner’s stores do not move (3.7s)
  ok 5 tests\e2e\microscope.spec.ts:129:3 › the microscope (D2) › Hear it plays through the app’s piano: each hand alone its own pitches, both hands both (6.8s)
  ok 7 tests\e2e\microscope.spec.ts:242:3 › the microscope (D2) › the learner’s navigation never shows the route (2.5s)

  7 passed (27.5s)
npm notice
npm notice New major version of npm available! 11.17.0 -> 12.1.0
npm notice Changelog: https://github.com/npm/cli/releases/tag/v12.1.0
npm notice To update run: npm install -g npm@12.1.0
npm notice
