[WebServer] (node:68816) Warning: The 'NO_COLOR' env is ignored due to the 'FORCE_COLOR' env being set.
[WebServer] (Use `node --trace-warnings ...` to show where the warning was created)
[WebServer] [INEFFECTIVE_DYNAMIC_IMPORT] src/curriculum/load.ts is dynamically imported by src/data/evidenceJob.ts but also statically imported by src/curriculum/tips.ts, src/data/planStore.ts, src/score/estimateImport.ts, src/ui/assignSheet.ts, src/ui/screens/ChordChartScreen.ts, ..., dynamic import will not move module into another chunk.
[WebServer] 
[WebServer] [plugin builtin:vite-reporter] 
[WebServer] (!) Some chunks are larger than 500 kB after minification. Consider:
[WebServer] - Using dynamic import() to code-split the application
[WebServer] - Use build.rolldownOptions.output.codeSplitting to improve chunking: https://rolldown.rs/reference/OutputOptions.codeSplitting
[WebServer] - Adjust chunk size limit for this warning via build.chunkSizeWarningLimit.
[WebServer] [INEFFECTIVE_DYNAMIC_IMPORT] src/data/planStore.ts is dynamically imported by src/data/evidenceJob.ts but also statically imported by src/data/backup.ts, src/data/rungStates.ts, src/ui/screens/DrillScreen.ts, src/ui/screens/LessonScreen.ts, src/ui/screens/PlanScreen.ts, ..., dynamic import will not move module into another chunk.
[WebServer] 
[WebServer] [INEFFECTIVE_DYNAMIC_IMPORT] src/data/evidenceJob.ts is dynamically imported by src/main.ts but also statically imported by src/ui/screens/SettingsScreen.ts, dynamic import will not move module into another chunk.
[WebServer] 
[WebServer] (node:67792) Warning: The 'NO_COLOR' env is ignored due to the 'FORCE_COLOR' env being set.
[WebServer] (Use `node --trace-warnings ...` to show where the warning was created)

Running 5 tests using 1 worker

(node:66064) Warning: The 'NO_COLOR' env is ignored due to the 'FORCE_COLOR' env being set.
(Use `node --trace-warnings ...` to show where the warning was created)
  ok 1 tests\e2e\zz-e1-look.spec.ts:20:3 › look at excerpt.classical.bach-menuet-bwv-anh-113.pdmx.b25-32 (2.1s)
  ok 2 tests\e2e\zz-e1-look.spec.ts:20:3 › look at excerpt.classical.mendelssohn-hark-the-herald-angels-sing-piano-bass-jazz-lead-sheet.pdmx.b25-28 (1.9s)
  ok 3 tests\e2e\zz-e1-look.spec.ts:20:3 › look at excerpt.classical.beethoven-ode-to-joy.easy.b9-12 (1.7s)
  ok 4 tests\e2e\zz-e1-look.spec.ts:20:3 › look at excerpt.classical.i-got-rythm.pdmx.b15-18 (1.9s)
  ok 5 tests\e2e\zz-e1-look.spec.ts:20:3 › look at excerpt.blues.wabash-blues.b1-4 (1.8s)

  5 passed (24.2s)
